Archive member included to satisfy reference by file (symbol)

C:/ST/STM32CubeIDE_1.15.0/STM32CubeIDE/plugins/com.st.stm32cube.ide.mcu.externaltools.gnu-tools-for-stm32.13.3.rel1.win32_1.0.0.202411081344/tools/bin/../lib/gcc/arm-none-eabi/13.3.1/../../../../arm-none-eabi/lib/thumb/v7e-m+fp/hard\libc_nano.a(libc_a-exit.o)
                              C:/ST/STM32CubeIDE_1.15.0/STM32CubeIDE/plugins/com.st.stm32cube.ide.mcu.externaltools.gnu-tools-for-stm32.13.3.rel1.win32_1.0.0.202411081344/tools/bin/../lib/gcc/arm-none-eabi/13.3.1/../../../../arm-none-eabi/lib/thumb/v7e-m+fp/hard/crt0.o (exit)
C:/ST/STM32CubeIDE_1.15.0/STM32CubeIDE/plugins/com.st.stm32cube.ide.mcu.externaltools.gnu-tools-for-stm32.13.3.rel1.win32_1.0.0.202411081344/tools/bin/../lib/gcc/arm-none-eabi/13.3.1/../../../../arm-none-eabi/lib/thumb/v7e-m+fp/hard\libc_nano.a(libc_a-findfp.o)
                              C:/ST/STM32CubeIDE_1.15.0/STM32CubeIDE/plugins/com.st.stm32cube.ide.mcu.externaltools.gnu-tools-for-stm32.13.3.rel1.win32_1.0.0.202411081344/tools/bin/../lib/gcc/arm-none-eabi/13.3.1/../../../../arm-none-eabi/lib/thumb/v7e-m+fp/hard\libc_nano.a(libc_a-exit.o) (__stdio_exit_handler)
C:/ST/STM32CubeIDE_1.15.0/STM32CubeIDE/plugins/com.st.stm32cube.ide.mcu.externaltools.gnu-tools-for-stm32.13.3.rel1.win32_1.0.0.202411081344/tools/bin/../lib/gcc/arm-none-eabi/13.3.1/../../../../arm-none-eabi/lib/thumb/v7e-m+fp/hard\libc_nano.a(libc_a-fwalk.o)
                              C:/ST/STM32CubeIDE_1.15.0/STM32CubeIDE/plugins/com.st.stm32cube.ide.mcu.externaltools.gnu-tools-for-stm32.13.3.rel1.win32_1.0.0.202411081344/tools/bin/../lib/gcc/arm-none-eabi/13.3.1/../../../../arm-none-eabi/lib/thumb/v7e-m+fp/hard\libc_nano.a(libc_a-findfp.o) (_fwalk_sglue)
C:/ST/STM32CubeIDE_1.15.0/STM32CubeIDE/plugins/com.st.stm32cube.ide.mcu.externaltools.gnu-tools-for-stm32.13.3.rel1.win32_1.0.0.202411081344/tools/bin/../lib/gcc/arm-none-eabi/13.3.1/../../../../arm-none-eabi/lib/thumb/v7e-m+fp/hard\libc_nano.a(libc_a-sprintf.o)
                              ./Core/Src/main.o (sprintf)
C:/ST/STM32CubeIDE_1.15.0/STM32CubeIDE/plugins/com.st.stm32cube.ide.mcu.externaltools.gnu-tools-for-stm32.13.3.rel1.win32_1.0.0.202411081344/tools/bin/../lib/gcc/arm-none-eabi/13.3.1/../../../../arm-none-eabi/lib/thumb/v7e-m+fp/hard\libc_nano.a(libc_a-stdio.o)
                              C:/ST/STM32CubeIDE_1.15.0/STM32CubeIDE/plugins/com.st.stm32cube.ide.mcu.externaltools.gnu-tools-for-stm32.13.3.rel1.win32_1.0.0.202411081344/tools/bin/../lib/gcc/arm-none-eabi/13.3.1/../../../../arm-none-eabi/lib/thumb/v7e-m+fp/hard\libc_nano.a(libc_a-findfp.o) (__sread)
C:/ST/STM32CubeIDE_1.15.0/STM32CubeIDE/plugins/com.st.stm32cube.ide.mcu.externaltools.gnu-tools-for-stm32.13.3.rel1.win32_1.0.0.202411081344/tools/bin/../lib/gcc/arm-none-eabi/13.3.1/../../../../arm-none-eabi/lib/thumb/v7e-m+fp/hard\libc_nano.a(libc_a-memset.o)
                              C:/ST/STM32CubeIDE_1.15.0/STM32CubeIDE/plugins/com.st.stm32cube.ide.mcu.externaltools.gnu-tools-for-stm32.13.3.rel1.win32_1.0.0.202411081344/tools/bin/../lib/gcc/arm-none-eabi/13.3.1/../../../../arm-none-eabi/lib/thumb/v7e-m+fp/hard/crt0.o (memset)
C:/ST/STM32CubeIDE_1.15.0/STM32CubeIDE/plugins/com.st.stm32cube.ide.mcu.externaltools.gnu-tools-for-stm32.13.3.rel1.win32_1.0.0.202411081344/tools/bin/../lib/gcc/arm-none-eabi/13.3.1/../../../../arm-none-eabi/lib/thumb/v7e-m+fp/hard\libc_nano.a(libc_a-closer.o)
                              C:/ST/STM32CubeIDE_1.15.0/STM32CubeIDE/plugins/com.st.stm32cube.ide.mcu.externaltools.gnu-tools-for-stm32.13.3.rel1.win32_1.0.0.202411081344/tools/bin/../lib/gcc/arm-none-eabi/13.3.1/../../../../arm-none-eabi/lib/thumb/v7e-m+fp/hard\libc_nano.a(libc_a-stdio.o) (_close_r)
C:/ST/STM32CubeIDE_1.15.0/STM32CubeIDE/plugins/com.st.stm32cube.ide.mcu.externaltools.gnu-tools-for-stm32.13.3.rel1.win32_1.0.0.202411081344/tools/bin/../lib/gcc/arm-none-eabi/13.3.1/../../../../arm-none-eabi/lib/thumb/v7e-m+fp/hard\libc_nano.a(libc_a-reent.o)
                              C:/ST/STM32CubeIDE_1.15.0/STM32CubeIDE/plugins/com.st.stm32cube.ide.mcu.externaltools.gnu-tools-for-stm32.13.3.rel1.win32_1.0.0.202411081344/tools/bin/../lib/gcc/arm-none-eabi/13.3.1/../../../../arm-none-eabi/lib/thumb/v7e-m+fp/hard\libc_nano.a(libc_a-closer.o) (errno)
C:/ST/STM32CubeIDE_1.15.0/STM32CubeIDE/plugins/com.st.stm32cube.ide.mcu.externaltools.gnu-tools-for-stm32.13.3.rel1.win32_1.0.0.202411081344/tools/bin/../lib/gcc/arm-none-eabi/13.3.1/../../../../arm-none-eabi/lib/thumb/v7e-m+fp/hard\libc_nano.a(libc_a-impure.o)
                              C:/ST/STM32CubeIDE_1.15.0/STM32CubeIDE/plugins/com.st.stm32cube.ide.mcu.externaltools.gnu-tools-for-stm32.13.3.rel1.win32_1.0.0.202411081344/tools/bin/../lib/gcc/arm-none-eabi/13.3.1/../../../../arm-none-eabi/lib/thumb/v7e-m+fp/hard\libc_nano.a(libc_a-sprintf.o) (_impure_ptr)
[...]
Memory Configuration

Name             Origin             Length             Attributes
RAM              0x20000000         0x00018000         xrw
FLASH            0x08000000         0x00080000         xr
*default*        0x00000000         0xffffffff

Linker script and memory map

LOAD C:/ST/STM32CubeIDE_1.15.0/STM32CubeIDE/plugins/com.st.stm32cube.ide.mcu.externaltools.gnu-tools-for-stm32.13.3.rel1.win32_1.0.0.202411081344/tools/bin/../lib/gcc/arm-none-eabi/13.3.1/thumb/v7e-m+fp/hard/crti.o
LOAD C:/ST/STM32CubeIDE_1.15.0/STM32CubeIDE/plugins/com.st.stm32cube.ide.mcu.externaltools.gnu-tools-for-stm32.13.3.rel1.win32_1.0.0.202411081344/tools/bin/../lib/gcc/arm-none-eabi/13.3.1/thumb/v7e-m+fp/hard/crtbegin.o
LOAD C:/ST/STM32CubeIDE_1.15.0/STM32CubeIDE/plugins/com.st.stm32cube.ide.mcu.externaltools.gnu-tools-for-stm32.13.3.rel1.win32_1.0.0.202411081344/tools/bin/../lib/gcc/arm-none-eabi/13.3.1/../../../../arm-none-eabi/lib/thumb/v7e-m+fp/hard/crt0.o
LOAD ./Core/Src/main.o
LOAD ./Core/Src/max30102_driver.o
LOAD ./Core/Src/stm32f4xx_hal_msp.o
LOAD ./Core/Src/stm32f4xx_it.o
LOAD ./Core/Src/syscalls.o
LOAD ./Core/Src/sysmem.o
LOAD ./Core/Src/system_stm32f4xx.o
LOAD ./Core/Startup/startup_stm32f401retx.o
LOAD ./Drivers/STM32F4xx_HAL_Driver/Src/stm32f4xx_hal.o
LOAD ./Drivers/STM32F4xx_HAL_Driver/Src/stm32f4xx_hal_cortex.o
LOAD ./Drivers/STM32F4xx_HAL_Driver/Src/stm32f4xx_hal_dma.o
LOAD ./Drivers/STM32F4xx_HAL_Driver/Src/stm32f4xx_hal_dma_ex.o
LOAD ./Drivers/STM32F4xx_HAL_Driver/Src/stm32f4xx_hal_exti.o
LOAD ./Drivers/STM32F4xx_HAL_Driver/Src/stm32f4xx_hal_flash.o
LOAD ./Drivers/STM32F4xx_HAL_Driver/Src/stm32f4xx_hal_flash_ex.o
LOAD ./Drivers/STM32F4xx_HAL_Driver/Src/stm32f4xx_hal_flash_ramfunc.o
LOAD ./Drivers/STM32F4xx_HAL_Driver/Src/stm32f4xx_hal_gpio.o
LOAD ./Drivers/STM32F4xx_HAL_Driver/Src/stm32f4xx_hal_i2c.o
LOAD ./Drivers/STM32F4xx_HAL_Driver/Src/stm32f4xx_hal_i2c_ex.o
LOAD ./Drivers/STM32F4xx_HAL_Driver/Src/stm32f4xx_hal_pwr.o
LOAD ./Drivers/STM32F4xx_HAL_Driver/Src/stm32f4xx_hal_pwr_ex.o
LOAD ./Drivers/STM32F4xx_HAL_Driver/Src/stm32f4xx_hal_rcc.o
LOAD ./Drivers/STM32F4xx_HAL_Driver/Src/stm32f4xx_hal_rcc_ex.o
LOAD ./Drivers/STM32F4xx_HAL_Driver/Src/stm32f4xx_hal_uart.o
START GROUP
LOAD C:/ST/STM32CubeIDE_1.15.0/STM32CubeIDE/plugins/com.st.stm32cube.ide.mcu.externaltools.gnu-tools-for-stm32.13.3.rel1.win32_1.0.0.202411081344/tools/bin/../lib/gcc/arm-none-eabi/13.3.1/../../../../arm-none-eabi/lib/thumb/v7e-m+fp/hard\libc_nano.a
LOAD C:/ST/STM32CubeIDE_1.15.0/STM32CubeIDE/plugins/com.st.stm32cube.ide.mcu.externaltools.gnu-tools-for-stm32.13.3.rel1.win32_1.0.0.202411081344/tools/bin/../lib/gcc/arm-none-eabi/13.3.1/../../../../arm-none-eabi/lib/thumb/v7e-m+fp/hard\libm.a
END GROUP
START GROUP
LOAD C:/ST/STM32CubeIDE_1.15.0/STM32CubeIDE/plugins/com.st.stm32cube.ide.mcu.externaltools.gnu-tools-for-stm32.13.3.rel1.win32_1.0.0.202411081344/tools/bin/../lib/gcc/arm-none-eabi/13.3.1/thumb/v7e-m+fp/hard\libgcc.a
LOAD C:/ST/STM32CubeIDE_1.15.0/STM32CubeIDE/plugins/com.st.stm32cube.ide.mcu.externaltools.gnu-tools-for-stm32.13.3.rel1.win32_1.0.0.202411081344/tools/bin/../lib/gcc/arm-none-eabi/13.3.1/../../../../arm-none-eabi/lib/thumb/v7e-m+fp/hard\libc_nano.a
END GROUP
START GROUP
LOAD C:/ST/STM32CubeIDE_1.15.0/STM32CubeIDE/plugins/com.st.stm32cube.ide.mcu.externaltools.gnu-tools-for-stm32.13.3.rel1.win32_1.0.0.202411081344/tools/bin/../lib/gcc/arm-none-eabi/13.3.1/thumb/v7e-m+fp/hard\libgcc.a
LOAD C:/ST/STM32CubeIDE_1.15.0/STM32CubeIDE/plugins/com.st.stm32cube.ide.mcu.externaltools.gnu-tools-for-stm32.13.3.rel1.win32_1.0.0.202411081344/tools/bin/../lib/gcc/arm-none-eabi/13.3.1/../../../../arm-none-eabi/lib/thumb/v7e-m+fp/hard\libc_nano.a
LOAD C:/ST/STM32CubeIDE_1.15.0/STM32CubeIDE/plugins/com.st.stm32cube.ide.mcu.externaltools.gnu-tools-for-stm32.13.3.rel1.win32_1.0.0.202411081344/tools/bin/../lib/gcc/arm-none-eabi/13.3.1/../../../../arm-none-eabi/lib/thumb/v7e-m+fp/hard\libnosys.a
END GROUP
START GROUP
LOAD C:/ST/STM32CubeIDE_1.15.0/STM32CubeIDE/plugins/com.st.stm32cube.ide.mcu.externaltools.gnu-tools-for-stm32.13.3.rel1.win32_1.0.0.202411081344/tools/bin/../lib/gcc/arm-none-eabi/13.3.1/thumb/v7e-m+fp/hard\libgcc.a
LOAD C:/ST/STM32CubeIDE_1.15.0/STM32CubeIDE/plugins/com.st.stm32cube.ide.mcu.externaltools.gnu-tools-for-stm32.13.3.rel1.win32_1.0.0.202411081344/tools/bin/../lib/gcc/arm-none-eabi/13.3.1/../../../../arm-none-eabi/lib/thumb/v7e-m+fp/hard\libc_nano.a
LOAD C:/ST/STM32CubeIDE_1.15.0/STM32CubeIDE/plugins/com.st.stm32cube.ide.mcu.externaltools.gnu-tools-for-stm32.13.3.rel1.win32_1.0.0.202411081344/tools/bin/../lib/gcc/arm-none-eabi/13.3.1/../../../../arm-none-eabi/lib/thumb/v7e-m+fp/hard\libnosys.a
END GROUP
LOAD C:/ST/STM32CubeIDE_1.15.0/STM32CubeIDE/plugins/com.st.stm32cube.ide.mcu.externaltools.gnu-tools-for-stm32.13.3.rel1.win32_1.0.0.202411081344/tools/bin/../lib/gcc/arm-none-eabi/13.3.1/thumb/v7e-m+fp/hard/crtend.o
LOAD C:/ST/STM32CubeIDE_1.15.0/STM32CubeIDE/plugins/com.st.stm32cube.ide.mcu.externaltools.gnu-tools-for-stm32.13.3.rel1.win32_1.0.0.202411081344/tools/bin/../lib/gcc/arm-none-eabi/13.3.1/thumb/v7e-m+fp/hard/crtn.o
                0x20018000                        _estack = (ORIGIN (RAM) + LENGTH (RAM))
                0x00000200                        _Min_Heap_Size = 0x200
                0x00000400                        _Min_Stack_Size = 0x400

.isr_vector     0x08000000      0x194
                0x08000000                        . = ALIGN (0x4)
 *(.isr_vector)
 .isr_vector    0x08000000      0x194 ./Core/Startup/startup_stm32f401retx.o
                0x08000000                g_pfnVectors
                0x08000194                        . = ALIGN (0x4)

.text           0x080001a0     0x3d90
                0x080001a0                        . = ALIGN (0x4)
 *(.text)
 .text          0x080001a0       0x40 C:/ST/STM32CubeIDE_1.15.0/STM32CubeIDE/plugins/com.st.stm32cube.ide.mcu.externaltools.gnu-tools-for-stm32.13.3.rel1.win32_1.0.0.202411081344/tools/bin/../lib/gcc/arm-none-eabi/13.3.1/thumb/v7e-m+fp/hard/crtbegin.o
 .text          0x080001e0       0x10 C:/ST/STM32CubeIDE_1.15.0/STM32CubeIDE/plugins/com.st.stm32cube.ide.mcu.externaltools.gnu-tools-for-stm32.13.3.rel1.win32_1.0.0.202411081344/tools/bin/../lib/gcc/arm-none-eabi/13.3.1/../../../../arm-none-eabi/lib/thumb/v7e-m+fp/hard\libc_nano.a(libc_a-strlen.o)
                0x080001e0                strlen
 .text          0x080001f0       0xa0 C:/ST/STM32CubeIDE_1.15.0/STM32CubeIDE/plugins/com.st.stm32cube.ide.mcu.externaltools.gnu-tools-for-stm32.13.3.rel1.win32_1.0.0.202411081344/tools/bin/../lib/gcc/arm-none-eabi/13.3.1/../../../../arm-none-eabi/lib/thumb/v7e-m+fp/hard\libc_nano.a(libc_a-memchr.o)
                0x080001f0                memchr
 .text          0x08000290       0x30 C:/ST/STM32CubeIDE_1.15.0/STM32CubeIDE/plugins/com.st.stm32cube.ide.mcu.externaltools.gnu-tools-for-stm32.13.3.rel1.win32_1.0.0.202411081344/tools/bin/../lib/gcc/arm-none-eabi/13.3.1/thumb/v7e-m+fp/hard\libgcc.a(_aeabi_uldivmod.o)
                0x08000290                __aeabi_uldivmod
 .text          0x080002c0      0x2f8 C:/ST/STM32CubeIDE_1.15.0/STM32CubeIDE/plugins/com.st.stm32cube.ide.mcu.externaltools.gnu-tools-for-stm32.13.3.rel1.win32_1.0.0.202411081344/tools/bin/../lib/gcc/arm-none-eabi/13.3.1/thumb/v7e-m+fp/hard\libgcc.a(_udivmoddi4.o)
                0x080002c0                __udivmoddi4
 .text          0x080005b8        0x4 C:/ST/STM32CubeIDE_1.15.0/STM32CubeIDE/plugins/com.st.stm32cube.ide.mcu.externaltools.gnu-tools-for-stm32.13.3.rel1.win32_1.0.0.202411081344/tools/bin/../lib/gcc/arm-none-eabi/13.3.1/thumb/v7e-m+fp/hard\libgcc.a(_dvmd_tls.o)
                0x080005b8                __aeabi_idiv0
                0x080005b8                __aeabi_ldiv0
 *(.text*)
 .text.main     0x080005bc      0x124 ./Core/Src/main.o
                0x080005bc                main
 .text.SystemClock_Config
                0x080006e0       0xc0 ./Core/Src/main.o
                0x080006e0                SystemClock_Config
 .text.MX_I2C1_Init
                0x080007a0       0x5c ./Core/Src/main.o
 .text.MX_USART1_UART_Init
                0x080007fc       0x54 ./Core/Src/main.o
 .text.MX_GPIO_Init
                0x08000850       0x50 ./Core/Src/main.o
 .text.Error_Handler
                0x080008a0        0xc ./Core/Src/main.o
                0x080008a0                Error_Handler
 .text.ReadRegister
                0x080008ac       0x36 ./Core/Src/max30102_driver.o
                0x080008ac                ReadRegister
 .text.WriteRegister
                0x080008e2       0x36 ./Core/Src/max30102_driver.o
                0x080008e2                WriteRegister
 .text.SetModeConfiguration
                0x08000918       0x4c ./Core/Src/max30102_driver.o
                0x08000918                SetModeConfiguration
 .text.SetSpO2Configuration
                0x08000964       0x4c ./Core/Src/max30102_driver.o
                0x08000964                SetSpO2Configuration
 .text.SetLEDPulseAmplitude
                0x080009b0       0x52 ./Core/Src/max30102_driver.o
                0x080009b0                SetLEDPulseAmplitude
 .text.SetFIFOConfiguration
                0x08000a02       0x4c ./Core/Src/max30102_driver.o
                0x08000a02                SetFIFOConfiguration
 .text.ResetFIFOPointers
                0x08000a4e       0x48 ./Core/Src/max30102_driver.o
                0x08000a4e                ResetFIFOPointers
 .text.ReadSample
                0x08000a96      0x17c ./Core/Src/max30102_driver.o
                0x08000a96                ReadSample
 *fill*         0x08000c12        0x2 
 .text.HAL_MspInit
                0x08000c14       0x50 ./Core/Src/stm32f4xx_hal_msp.o
                0x08000c14                HAL_MspInit
 .text.HAL_I2C_MspInit
                0x08000c64       0x90 ./Core/Src/stm32f4xx_hal_msp.o
                0x08000c64                HAL_I2C_MspInit
 .text.HAL_UART_MspInit
                0x08000cf4       0x90 ./Core/Src/stm32f4xx_hal_msp.o
                0x08000cf4                HAL_UART_MspInit
 .text.NMI_Handler
                0x08000d84        0x8 ./Core/Src/stm32f4xx_it.o
                0x08000d84                NMI_Handler
 .text.HardFault_Handler
                0x08000d8c        0x8 ./Core/Src/stm32f4xx_it.o
                0x08000d8c                HardFault_Handler
 .text.MemManage_Handler
                0x08000d94        0x8 ./Core/Src/stm32f4xx_it.o
                0x08000d94                MemManage_Handler
 .text.BusFault_Handler
                0x08000d9c        0x8 ./Core/Src/stm32f4xx_it.o
                0x08000d9c                BusFault_Handler
 .text.UsageFault_Handler
                0x08000da4        0x8 ./Core/Src/stm32f4xx_it.o
                0x08000da4                UsageFault_Handler
 .text.SVC_Handler
                0x08000dac        0xe ./Core/Src/stm32f4xx_it.o
                0x08000dac                SVC_Handler
 .text.DebugMon_Handler
                0x08000dba        0xe ./Core/Src/stm32f4xx_it.o
                0x08000dba                DebugMon_Handler
 .text.PendSV_Handler
                0x08000dc8        0xe ./Core/Src/stm32f4xx_it.o
                0x08000dc8                PendSV_Handler
 .text.SysTick_Handler
                0x08000dd6        0xc ./Core/Src/stm32f4xx_it.o
                0x08000dd6                SysTick_Handler
 *fill*         0x08000de2        0x2 
 .text._sbrk    0x08000de4       0x6c ./Core/Src/sysmem.o
                0x08000de4                _sbrk
 .text.SystemInit
                0x08000e50       0x24 ./Core/Src/system_stm32f4xx.o
                0x08000e50                SystemInit
 .text.Reset_Handler
                0x08000e74       0x50 ./Core/Startup/startup_stm32f401retx.o
                0x08000e74                Reset_Handler
 .text.Default_Handler
                0x08000ec4        0x2 ./Core/Startup/startup_stm32f401retx.o
                0x08000ec4                RTC_Alarm_IRQHandler
                0x08000ec4                EXTI2_IRQHandler
                0x08000ec4                SPI4_IRQHandler
                0x08000ec4                TIM1_CC_IRQHandler
                0x08000ec4                DMA2_Stream5_IRQHandler
                0x08000ec4                DMA1_Stream5_IRQHandler
                0x08000ec4                PVD_IRQHandler
                0x08000ec4                SDIO_IRQHandler
                0x08000ec4                TAMP_STAMP_IRQHandler
                0x08000ec4                EXTI3_IRQHandler
                0x08000ec4                TIM1_UP_TIM10_IRQHandler
                0x08000ec4                I2C3_ER_IRQHandler
                0x08000ec4                EXTI0_IRQHandler
                0x08000ec4                I2C2_EV_IRQHandler
                0x08000ec4                DMA1_Stream2_IRQHandler
                0x08000ec4                FPU_IRQHandler
                0x08000ec4                DMA2_Stream2_IRQHandler
                0x08000ec4                SPI1_IRQHandler
                0x08000ec4                TIM1_BRK_TIM9_IRQHandler
                0x08000ec4                DMA2_Stream3_IRQHandler
                0x08000ec4                USART6_IRQHandler
                0x08000ec4                DMA2_Stream0_IRQHandler
                0x08000ec4                TIM4_IRQHandler
                0x08000ec4                I2C1_EV_IRQHandler
                0x08000ec4                DMA1_Stream6_IRQHandler
                0x08000ec4                DMA1_Stream1_IRQHandler
                0x08000ec4                TIM3_IRQHandler
                0x08000ec4                RCC_IRQHandler
                0x08000ec4                Default_Handler
                0x08000ec4                EXTI15_10_IRQHandler
                0x08000ec4                ADC_IRQHandler
                0x08000ec4                DMA1_Stream7_IRQHandler
                0x08000ec4                TIM5_IRQHandler
                0x08000ec4                DMA2_Stream7_IRQHandler
                0x08000ec4                I2C3_EV_IRQHandler
                0x08000ec4                EXTI9_5_IRQHandler
                0x08000ec4                RTC_WKUP_IRQHandler
                0x08000ec4                SPI2_IRQHandler
                0x08000ec4                DMA1_Stream0_IRQHandler
                0x08000ec4                EXTI4_IRQHandler
                0x08000ec4                WWDG_IRQHandler
                0x08000ec4                TIM2_IRQHandler
                0x08000ec4                OTG_FS_WKUP_IRQHandler
                0x08000ec4                TIM1_TRG_COM_TIM11_IRQHandler
                0x08000ec4                EXTI1_IRQHandler
                0x08000ec4                USART2_IRQHandler
                0x08000ec4                I2C2_ER_IRQHandler
                0x08000ec4                DMA2_Stream1_IRQHandler
                0x08000ec4                FLASH_IRQHandler
                0x08000ec4                DMA2_Stream4_IRQHandler
                0x08000ec4                USART1_IRQHandler
                0x08000ec4                OTG_FS_IRQHandler
                0x08000ec4                SPI3_IRQHandler
                0x08000ec4                DMA1_Stream4_IRQHandler
                0x08000ec4                I2C1_ER_IRQHandler
                0x08000ec4                DMA2_Stream6_IRQHandler
                0x08000ec4                DMA1_Stream3_IRQHandler
 *fill*         0x08000ec6        0x2 
 .text.HAL_Init
                0x08000ec8       0x44 ./Drivers/STM32F4xx_HAL_Driver/Src/stm32f4xx_hal.o
                0x08000ec8                HAL_Init
 .text.HAL_InitTick
                0x08000f0c       0x60 ./Drivers/STM32F4xx_HAL_Driver/Src/stm32f4xx_hal.o
                0x08000f0c                HAL_InitTick
 .text.HAL_IncTick
                0x08000f6c       0x28 ./Drivers/STM32F4xx_HAL_Driver/Src/stm32f4xx_hal.o
                0x08000f6c                HAL_IncTick
 .text.HAL_GetTick
                0x08000f94       0x18 ./Drivers/STM32F4xx_HAL_Driver/Src/stm32f4xx_hal.o
                0x08000f94                HAL_GetTick
 .text.HAL_Delay
                0x08000fac       0x48 ./Drivers/STM32F4xx_HAL_Driver/Src/stm32f4xx_hal.o
                0x08000fac                HAL_Delay
 .text.__NVIC_SetPriorityGrouping
                0x08000ff4       0x48 ./Drivers/STM32F4xx_HAL_Driver/Src/stm32f4xx_hal_cortex.o
 .text.__NVIC_GetPriorityGrouping
                0x0800103c       0x1c ./Drivers/STM32F4xx_HAL_Driver/Src/stm32f4xx_hal_cortex.o
 .text.__NVIC_SetPriority
                0x08001058       0x54 ./Drivers/STM32F4xx_HAL_Driver/Src/stm32f4xx_hal_cortex.o
 .text.NVIC_EncodePriority
                0x080010ac       0x66 ./Drivers/STM32F4xx_HAL_Driver/Src/stm32f4xx_hal_cortex.o
 *fill*         0x08001112        0x2 
 .text.SysTick_Config
                0x08001114       0x44 ./Drivers/STM32F4xx_HAL_Driver/Src/stm32f4xx_hal_cortex.o
 .text.HAL_NVIC_SetPriorityGrouping
                0x08001158       0x16 ./Drivers/STM32F4xx_HAL_Driver/Src/stm32f4xx_hal_cortex.o
                0x08001158                HAL_NVIC_SetPriorityGrouping
 .text.HAL_NVIC_SetPriority
                0x0800116e       0x38 ./Drivers/STM32F4xx_HAL_Driver/Src/stm32f4xx_hal_cortex.o
                0x0800116e                HAL_NVIC_SetPriority
 .text.HAL_SYSTICK_Config
                0x080011a6       0x18 ./Drivers/STM32F4xx_HAL_Driver/Src/stm32f4xx_hal_cortex.o
                0x080011a6                HAL_SYSTICK_Config
 *fill*         0x080011be        0x2 
 .text.HAL_GPIO_Init
                0x080011c0      0x308 ./Drivers/STM32F4xx_HAL_Driver/Src/stm32f4xx_hal_gpio.o
                0x080011c0                HAL_GPIO_Init
 .text.HAL_I2C_Init
                0x080014c8      0x288 ./Drivers/STM32F4xx_HAL_Driver/Src/stm32f4xx_hal_i2c.o
                0x080014c8                HAL_I2C_Init
 .text.HAL_I2C_Mem_Write
                0x08001750      0x1f4 ./Drivers/STM32F4xx_HAL_Driver/Src/stm32f4xx_hal_i2c.o
                0x08001750                HAL_I2C_Mem_Write
 .text.HAL_I2C_Mem_Read
                0x08001944      0x464 ./Drivers/STM32F4xx_HAL_Driver/Src/stm32f4xx_hal_i2c.o
                0x08001944                HAL_I2C_Mem_Read
 .text.I2C_RequestMemoryWrite
                0x08001da8      0x12c ./Drivers/STM32F4xx_HAL_Driver/Src/stm32f4xx_hal_i2c.o
 .text.I2C_RequestMemoryRead
                0x08001ed4      0x1d0 ./Drivers/STM32F4xx_HAL_Driver/Src/stm32f4xx_hal_i2c.o
 .text.I2C_WaitOnFlagUntilTimeout
                0x080020a4       0xf4 ./Drivers/STM32F4xx_HAL_Driver/Src/stm32f4xx_hal_i2c.o
 .text.I2C_WaitOnMasterAddressFlagUntilTimeout
                0x08002198      0x140 ./Drivers/STM32F4xx_HAL_Driver/Src/stm32f4xx_hal_i2c.o
 .text.I2C_WaitOnTXEFlagUntilTimeout
                0x080022d8       0x90 ./Drivers/STM32F4xx_HAL_Driver/Src/stm32f4xx_hal_i2c.o
 .text.I2C_WaitOnBTFFlagUntilTimeout
                0x08002368       0x90 ./Drivers/STM32F4xx_HAL_Driver/Src/stm32f4xx_hal_i2c.o
 .text.I2C_WaitOnRXNEFlagUntilTimeout
                0x080023f8       0xba ./Drivers/STM32F4xx_HAL_Driver/Src/stm32f4xx_hal_i2c.o
 .text.I2C_IsAcknowledgeFailed
                0x080024b2       0x5e ./Drivers/STM32F4xx_HAL_Driver/Src/stm32f4xx_hal_i2c.o
 .text.HAL_RCC_OscConfig
                0x08002510      0x4f0 ./Drivers/STM32F4xx_HAL_Driver/Src/stm32f4xx_hal_rcc.o
                0x08002510                HAL_RCC_OscConfig
 .text.HAL_RCC_ClockConfig
                0x08002a00      0x1cc ./Drivers/STM32F4xx_HAL_Driver/Src/stm32f4xx_hal_rcc.o
                0x08002a00                HAL_RCC_ClockConfig
 .text.HAL_RCC_GetSysClockFreq
                0x08002bcc      0x18c ./Drivers/STM32F4xx_HAL_Driver/Src/stm32f4xx_hal_rcc.o
                0x08002bcc                HAL_RCC_GetSysClockFreq
 .text.HAL_RCC_GetHCLKFreq
                0x08002d58       0x18 ./Drivers/STM32F4xx_HAL_Driver/Src/stm32f4xx_hal_rcc.o
                0x08002d58                HAL_RCC_GetHCLKFreq
 .text.HAL_RCC_GetPCLK1Freq
                0x08002d70       0x28 ./Drivers/STM32F4xx_HAL_Driver/Src/stm32f4xx_hal_rcc.o
                0x08002d70                HAL_RCC_GetPCLK1Freq
 .text.HAL_RCC_GetPCLK2Freq
                0x08002d98       0x28 ./Drivers/STM32F4xx_HAL_Driver/Src/stm32f4xx_hal_rcc.o
                0x08002d98                HAL_RCC_GetPCLK2Freq
 .text.HAL_UART_Init
                0x08002dc0       0xa0 ./Drivers/STM32F4xx_HAL_Driver/Src/stm32f4xx_hal_uart.o
                0x08002dc0                HAL_UART_Init
 .text.HAL_UART_Transmit
                0x08002e60      0x116 ./Drivers/STM32F4xx_HAL_Driver/Src/stm32f4xx_hal_uart.o
                0x08002e60                HAL_UART_Transmit
 .text.UART_WaitOnFlagUntilTimeout
                0x08002f76       0xb2 ./Drivers/STM32F4xx_HAL_Driver/Src/stm32f4xx_hal_uart.o
 .text.UART_EndRxTransfer
                0x08003028       0xc6 ./Drivers/STM32F4xx_HAL_Driver/Src/stm32f4xx_hal_uart.o
 *fill*         0x080030ee        0x2 
 .text.UART_SetConfig
                0x080030f0      0x4e8 ./Drivers/STM32F4xx_HAL_Driver/Src/stm32f4xx_hal_uart.o
 .text.sprintf  0x080035d8       0x44 C:/ST/STM32CubeIDE_1.15.0/STM32CubeIDE/plugins/com.st.stm32cube.ide.mcu.externaltools.gnu-tools-for-stm32.13.3.rel1.win32_1.0.0.202411081344/tools/bin/../lib/gcc/arm-none-eabi/13.3.1/../../../../arm-none-eabi/lib/thumb/v7e-m+fp/hard\libc_nano.a(libc_a-sprintf.o)
                0x080035d8                siprintf
                0x080035d8                sprintf
 .text.memset   0x0800361c       0x10 C:/ST/STM32CubeIDE_1.15.0/STM32CubeIDE/plugins/com.st.stm32cube.ide.mcu.externaltools.gnu-tools-for-stm32.13.3.rel1.win32_1.0.0.202411081344/tools/bin/../lib/gcc/arm-none-eabi/13.3.1/../../../../arm-none-eabi/lib/thumb/v7e-m+fp/hard\libc_nano.a(libc_a-memset.o)
                0x0800361c                memset
 .text.__errno  0x0800362c        0xc C:/ST/STM32CubeIDE_1.15.0/STM32CubeIDE/plugins/com.st.stm32cube.ide.mcu.externaltools.gnu-tools-for-stm32.13.3.rel1.win32_1.0.0.202411081344/tools/bin/../lib/gcc/arm-none-eabi/13.3.1/../../../../arm-none-eabi/lib/thumb/v7e-m+fp/hard\libc_nano.a(libc_a-errno.o)
                0x0800362c                __errno
 .text.__libc_init_array
                0x08003638       0x48 C:/ST/STM32CubeIDE_1.15.0/STM32CubeIDE/plugins/com.st.stm32cube.ide.mcu.externaltools.gnu-tools-for-stm32.13.3.rel1.win32_1.0.0.202411081344/tools/bin/../lib/gcc/arm-none-eabi/13.3.1/../../../../arm-none-eabi/lib/thumb/v7e-m+fp/hard\libc_nano.a(libc_a-init.o)
                0x08003638                __libc_init_array
 .text.__retarget_lock_acquire_recursive
                0x08003680        0x2 C:/ST/STM32CubeIDE_1.15.0/STM32CubeIDE/plugins/com.st.stm32cube.ide.mcu.externaltools.gnu-tools-for-stm32.13.3.rel1.win32_1.0.0.202411081344/tools/bin/../lib/gcc/arm-none-eabi/13.3.1/../../../../arm-none-eabi/lib/thumb/v7e-m+fp/hard\libc_nano.a(libc_a-lock.o)
                0x08003680                __retarget_lock_acquire_recursive
 .text.__retarget_lock_release_recursive
                0x08003682        0x2 C:/ST/STM32CubeIDE_1.15.0/STM32CubeIDE/plugins/com.st.stm32cube.ide.mcu.externaltools.gnu-tools-for-stm32.13.3.rel1.win32_1.0.0.202411081344/tools/bin/../lib/gcc/arm-none-eabi/13.3.1/../../../../arm-none-eabi/lib/thumb/v7e-m+fp/hard\libc_nano.a(libc_a-lock.o)
                0x08003682                __retarget_lock_release_recursive
 .text._free_r  0x08003684       0x94 C:/ST/STM32CubeIDE_1.15.0/STM32CubeIDE/plugins/com.st.stm32cube.ide.mcu.externaltools.gnu-tools-for-stm32.13.3.rel1.win32_1.0.0.202411081344/tools/bin/../lib/gcc/arm-none-eabi/13.3.1/../../../../arm-none-eabi/lib/thumb/v7e-m+fp/hard\libc_nano.a(libc_a-freer.o)
                0x08003684                _free_r
 .text.sbrk_aligned
                0x08003718       0x44 C:/ST/STM32CubeIDE_1.15.0/STM32CubeIDE/plugins/com.st.stm32cube.ide.mcu.externaltools.gnu-tools-for-stm32.13.3.rel1.win32_1.0.0.202411081344/tools/bin/../lib/gcc/arm-none-eabi/13.3.1/../../../../arm-none-eabi/lib/thumb/v7e-m+fp/hard\libc_nano.a(libc_a-mallocr.o)
 .text._malloc_r
                0x0800375c      0x100 C:/ST/STM32CubeIDE_1.15.0/STM32CubeIDE/plugins/com.st.stm32cube.ide.mcu.externaltools.gnu-tools-for-stm32.13.3.rel1.win32_1.0.0.202411081344/tools/bin/../lib/gcc/arm-none-eabi/13.3.1/../../../../arm-none-eabi/lib/thumb/v7e-m+fp/hard\libc_nano.a(libc_a-mallocr.o)
                0x0800375c                _malloc_r
 .text.__malloc_lock
                0x0800385c        0xc C:/ST/STM32CubeIDE_1.15.0/STM32CubeIDE/plugins/com.st.stm32cube.ide.mcu.externaltools.gnu-tools-for-stm32.13.3.rel1.win32_1.0.0.202411081344/tools/bin/../lib/gcc/arm-none-eabi/13.3.1/../../../../arm-none-eabi/lib/thumb/v7e-m+fp/hard\libc_nano.a(libc_a-mlock.o)
                0x0800385c                __malloc_lock
 .text.__malloc_unlock
                0x08003868        0xc C:/ST/STM32CubeIDE_1.15.0/STM32CubeIDE/plugins/com.st.stm32cube.ide.mcu.externaltools.gnu-tools-for-stm32.13.3.rel1.win32_1.0.0.202411081344/tools/bin/../lib/gcc/arm-none-eabi/13.3.1/../../../../arm-none-eabi/lib/thumb/v7e-m+fp/hard\libc_nano.a(libc_a-mlock.o)
                0x08003868                __malloc_unlock
 .text.__ssputs_r
                0x08003874       0xb6 C:/ST/STM32CubeIDE_1.15.0/STM32CubeIDE/plugins/com.st.stm32cube.ide.mcu.externaltools.gnu-tools-for-stm32.13.3.rel1.win32_1.0.0.202411081344/tools/bin/../lib/gcc/arm-none-eabi/13.3.1/../../../../arm-none-eabi/lib/thumb/v7e-m+fp/hard\libc_nano.a(libc_a-nano-svfprintf.o)
                0x08003874                __ssputs_r
 *fill*         0x0800392a        0x2 
 .text._svfprintf_r
                0x0800392c      0x1f8 C:/ST/STM32CubeIDE_1.15.0/STM32CubeIDE/plugins/com.st.stm32cube.ide.mcu.externaltools.gnu-tools-for-stm32.13.3.rel1.win32_1.0.0.202411081344/tools/bin/../lib/gcc/arm-none-eabi/13.3.1/../../../../arm-none-eabi/lib/thumb/v7e-m+fp/hard\libc_nano.a(libc_a-nano-svfprintf.o)
                0x0800392c                _svfiprintf_r
                0x0800392c                _svfprintf_r
 .text._printf_common
                0x08003b24       0xda C:/ST/STM32CubeIDE_1.15.0/STM32CubeIDE/plugins/com.st.stm32cube.ide.mcu.externaltools.gnu-tools-for-stm32.13.3.rel1.win32_1.0.0.202411081344/tools/bin/../lib/gcc/arm-none-eabi/13.3.1/../../../../arm-none-eabi/lib/thumb/v7e-m+fp/hard\libc_nano.a(libc_a-nano-vfprintf_i.o)
                0x08003b24                _printf_common
 *fill*         0x08003bfe        0x2 
 .text._printf_i
                0x08003c00      0x23c C:/ST/STM32CubeIDE_1.15.0/STM32CubeIDE/plugins/com.st.stm32cube.ide.mcu.externaltools.gnu-tools-for-stm32.13.3.rel1.win32_1.0.0.202411081344/tools/bin/../lib/gcc/arm-none-eabi/13.3.1/../../../../arm-none-eabi/lib/thumb/v7e-m+fp/hard\libc_nano.a(libc_a-nano-vfprintf_i.o)
                0x08003c00                _printf_i
 .text.memmove  0x08003e3c       0x34 C:/ST/STM32CubeIDE_1.15.0/STM32CubeIDE/plugins/com.st.stm32cube.ide.mcu.externaltools.gnu-tools-for-stm32.13.3.rel1.win32_1.0.0.202411081344/tools/bin/../lib/gcc/arm-none-eabi/13.3.1/../../../../arm-none-eabi/lib/thumb/v7e-m+fp/hard\libc_nano.a(libc_a-memmove.o)
                0x08003e3c                memmove
 .text._sbrk_r  0x08003e70       0x20 C:/ST/STM32CubeIDE_1.15.0/STM32CubeIDE/plugins/com.st.stm32cube.ide.mcu.externaltools.gnu-tools-for-stm32.13.3.rel1.win32_1.0.0.202411081344/tools/bin/../lib/gcc/arm-none-eabi/13.3.1/../../../../arm-none-eabi/lib/thumb/v7e-m+fp/hard\libc_nano.a(libc_a-sbrkr.o)
                0x08003e70                _sbrk_r
 .text.memcpy   0x08003e90       0x1c C:/ST/STM32CubeIDE_1.15.0/STM32CubeIDE/plugins/com.st.stm32cube.ide.mcu.externaltools.gnu-tools-for-stm32.13.3.rel1.win32_1.0.0.202411081344/tools/bin/../lib/gcc/arm-none-eabi/13.3.1/../../../../arm-none-eabi/lib/thumb/v7e-m+fp/hard\libc_nano.a(libc_a-memcpy-stub.o)
                0x08003e90                memcpy
 .text._realloc_r
                0x08003eac       0x5c C:/ST/STM32CubeIDE_1.15.0/STM32CubeIDE/plugins/com.st.stm32cube.ide.mcu.externaltools.gnu-tools-for-stm32.13.3.rel1.win32_1.0.0.202411081344/tools/bin/../lib/gcc/arm-none-eabi/13.3.1/../../../../arm-none-eabi/lib/thumb/v7e-m+fp/hard\libc_nano.a(libc_a-reallocr.o)
                0x08003eac                _realloc_r
 .text._malloc_usable_size_r
                0x08003f08       0x10 C:/ST/STM32CubeIDE_1.15.0/STM32CubeIDE/plugins/com.st.stm32cube.ide.mcu.externaltools.gnu-tools-for-stm32.13.3.rel1.win32_1.0.0.202411081344/tools/bin/../lib/gcc/arm-none-eabi/13.3.1/../../../../arm-none-eabi/lib/thumb/v7e-m+fp/hard\libc_nano.a(libc_a-msizer.o)
                0x08003f08                _malloc_usable_size_r
 *(.glue_7)
 .glue_7        0x08003f18        0x0 linker stubs
 *(.glue_7t)
 .glue_7t       0x08003f18        0x0 linker stubs
 *(.eh_frame)
 .eh_frame      0x08003f18        0x0 C:/ST/STM32CubeIDE_1.15.0/STM32CubeIDE/plugins/com.st.stm32cube.ide.mcu.externaltools.gnu-tools-for-stm32.13.3.rel1.win32_1.0.0.202411081344/tools/bin/../lib/gcc/arm-none-eabi/13.3.1/thumb/v7e-m+fp/hard/crtbegin.o
 *(.init)
 .init          0x08003f18        0x4 C:/ST/STM32CubeIDE_1.15.0/STM32CubeIDE/plugins/com.st.stm32cube.ide.mcu.externaltools.gnu-tools-for-stm32.13.3.rel1.win32_1.0.0.202411081344/tools/bin/../lib/gcc/arm-none-eabi/13.3.1/thumb/v7e-m+fp/hard/crti.o
                0x08003f18                _init
 .init          0x08003f1c        0x8 C:/ST/STM32CubeIDE_1.15.0/STM32CubeIDE/plugins/com.st.stm32cube.ide.mcu.externaltools.gnu-tools-for-stm32.13.3.rel1.win32_1.0.0.202411081344/tools/bin/../lib/gcc/arm-none-eabi/13.3.1/thumb/v7e-m+fp/hard/crtn.o
 *(.fini)
 .fini          0x08003f24        0x4 C:/ST/STM32CubeIDE_1.15.0/STM32CubeIDE/plugins/com.st.stm32cube.ide.mcu.externaltools.gnu-tools-for-stm32.13.3.rel1.win32_1.0.0.202411081344/tools/bin/../lib/gcc/arm-none-eabi/13.3.1/thumb/v7e-m+fp/hard/crti.o
                0x08003f24                _fini
 .fini          0x08003f28        0x8 C:/ST/STM32CubeIDE_1.15.0/STM32CubeIDE/plugins/com.st.stm32cube.ide.mcu.externaltools.gnu-tools-for-stm32.13.3.rel1.win32_1.0.0.202411081344/tools/bin/../lib/gcc/arm-none-eabi/13.3.1/thumb/v7e-m+fp/hard/crtn.o
                0x08003f30                        . = ALIGN (0x4)
                0x08003f30                        _etext = .

.vfp11_veneer   0x08003f30        0x0
 .vfp11_veneer  0x08003f30        0x0 linker stubs

.v4_bx          0x08003f30        0x0
 .v4_bx         0x08003f30        0x0 linker stubs

.iplt           0x08003f30        0x0
 .iplt          0x08003f30        0x0 C:/ST/STM32CubeIDE_1.15.0/STM32CubeIDE/plugins/com.st.stm32cube.ide.mcu.externaltools.gnu-tools-for-stm32.13.3.rel1.win32_1.0.0.202411081344/tools/bin/../lib/gcc/arm-none-eabi/13.3.1/thumb/v7e-m+fp/hard/crtbegin.o

.rodata         0x08003f30       0x70
                0x08003f30                        . = ALIGN (0x4)
 *(.rodata)
 .rodata        0x08003f30       0x22 ./Core/Src/main.o
 *(.rodata*)
 *fill*         0x08003f52        0x2 
 .rodata.AHBPrescTable
                0x08003f54       0x10 ./Core/Src/system_stm32f4xx.o
                0x08003f54                AHBPrescTable
 .rodata.APBPrescTable
                0x08003f64        0x8 ./Core/Src/system_stm32f4xx.o
                0x08003f64                APBPrescTable
 .rodata._svfprintf_r.str1.1
                0x08003f6c       0x33 C:/ST/STM32CubeIDE_1.15.0/STM32CubeIDE/plugins/com.st.stm32cube.ide.mcu.externaltools.gnu-tools-for-stm32.13.3.rel1.win32_1.0.0.202411081344/tools/bin/../lib/gcc/arm-none-eabi/13.3.1/../../../../arm-none-eabi/lib/thumb/v7e-m+fp/hard\libc_nano.a(libc_a-nano-svfprintf.o)
                                 0x11 (size before relaxing)
 .rodata._printf_i.str1.1
                0x08003f9f       0x22 C:/ST/STM32CubeIDE_1.15.0/STM32CubeIDE/plugins/com.st.stm32cube.ide.mcu.externaltools.gnu-tools-for-stm32.13.3.rel1.win32_1.0.0.202411081344/tools/bin/../lib/gcc/arm-none-eabi/13.3.1/../../../../arm-none-eabi/lib/thumb/v7e-m+fp/hard\libc_nano.a(libc_a-nano-vfprintf_i.o)
                0x08003fc4                        . = ALIGN (0x4)
 *fill*         0x08003f9f        0x1 

.ARM.extab      0x08003fa0        0x0
                0x08003fa0                        . = ALIGN (0x4)
 *(.ARM.extab* .gnu.linkonce.armextab.*)
                0x08003fa0                        . = ALIGN (0x4)

.ARM            0x08003fa0        0x8
                0x08003fa0                        . = ALIGN (0x4)
                0x08003fa0                        __exidx_start = .
 *(.ARM.exidx*)
 .ARM.exidx     0x08003fa0        0x8 C:/ST/STM32CubeIDE_1.15.0/STM32CubeIDE/plugins/com.st.stm32cube.ide.mcu.externaltools.gnu-tools-for-stm32.13.3.rel1.win32_1.0.0.202411081344/tools/bin/../lib/gcc/arm-none-eabi/13.3.1/../../../../arm-none-eabi/lib/thumb/v7e-m+fp/hard\libc_nano.a(libc_a-strlen.o)
 .ARM.exidx     0x08003fa8        0x0 C:/ST/STM32CubeIDE_1.15.0/STM32CubeIDE/plugins/com.st.stm32cube.ide.mcu.externaltools.gnu-tools-for-stm32.13.3.rel1.win32_1.0.0.202411081344/tools/bin/../lib/gcc/arm-none-eabi/13.3.1/../../../../arm-none-eabi/lib/thumb/v7e-m+fp/hard\libc_nano.a(libc_a-memchr.o)
                                  0x8 (size before relaxing)
 .ARM.exidx     0x08003fa8        0x0 C:/ST/STM32CubeIDE_1.15.0/STM32CubeIDE/plugins/com.st.stm32cube.ide.mcu.externaltools.gnu-tools-for-stm32.13.3.rel1.win32_1.0.0.202411081344/tools/bin/../lib/gcc/arm-none-eabi/13.3.1/thumb/v7e-m+fp/hard\libgcc.a(_udivmoddi4.o)
                                  0x8 (size before relaxing)
                0x08003fa8                        __exidx_end = .
                0x08003fa8                        . = ALIGN (0x4)

.preinit_array  0x08003fa8        0x0
                0x08003fa8                        . = ALIGN (0x4)
                0x08003fa8                        PROVIDE (__preinit_array_start = .)
 *(.preinit_array*)
                0x08003fa8                        PROVIDE (__preinit_array_end = .)
                0x08003fa8                        . = ALIGN (0x4)

.init_array     0x08003fa8        0x4
                0x08003fa8                        . = ALIGN (0x4)
                0x08003fa8                        PROVIDE (__init_array_start = .)
 *(SORT_BY_NAME(.init_array.*))
 *(.init_array*)
 .init_array    0x08003fa8        0x4 C:/ST/STM32CubeIDE_1.15.0/STM32CubeIDE/plugins/com.st.stm32cube.ide.mcu.externaltools.gnu-tools-for-stm32.13.3.rel1.win32_1.0.0.202411081344/tools/bin/../lib/gcc/arm-none-eabi/13.3.1/thumb/v7e-m+fp/hard/crtbegin.o
                0x08003fac                        PROVIDE (__init_array_end = .)
                0x08003fac                        . = ALIGN (0x4)

.fini_array     0x08003fac        0x4
                0x08003fac                        . = ALIGN (0x4)
                [!provide]                        PROVIDE (__fini_array_start = .)
 *(SORT_BY_NAME(.fini_array.*))
 *(.fini_array*)
 .fini_array    0x08003fac        0x4 C:/ST/STM32CubeIDE_1.15.0/STM32CubeIDE/plugins/com.st.stm32cube.ide.mcu.externaltools.gnu-tools-for-stm32.13.3.rel1.win32_1.0.0.202411081344/tools/bin/../lib/gcc/arm-none-eabi/13.3.1/thumb/v7e-m+fp/hard/crtbegin.o
                [!provide]                        PROVIDE (__fini_array_end = .)
                0x08003fb0                        . = ALIGN (0x4)
                0x08003fb0                        _sidata = LOADADDR (.data)

.rel.dyn        0x08003fb0        0x0
 .rel.iplt      0x08003fb0        0x0 C:/ST/STM32CubeIDE_1.15.0/STM32CubeIDE/plugins/com.st.stm32cube.ide.mcu.externaltools.gnu-tools-for-stm32.13.3.rel1.win32_1.0.0.202411081344/tools/bin/../lib/gcc/arm-none-eabi/13.3.1/thumb/v7e-m+fp/hard/crtbegin.o

.data           0x20000000       0x5c load address 0x08003fb0
                0x20000000                        . = ALIGN (0x4)
                0x20000000                        _sdata = .
 *(.data)
 *(.data*)
 .data.SystemCoreClock
                0x20000000        0x4 ./Core/Src/system_stm32f4xx.o
                0x20000000                SystemCoreClock
 .data.uwTickPrio
                0x20000004        0x4 ./Drivers/STM32F4xx_HAL_Driver/Src/stm32f4xx_hal.o
                0x20000004                uwTickPrio
 .data.uwTickFreq
                0x20000008        0x1 ./Drivers/STM32F4xx_HAL_Driver/Src/stm32f4xx_hal.o
                0x20000008                uwTickFreq
 *fill*         0x20000009        0x3 
 .data._impure_ptr
                0x2000000c        0x4 C:/ST/STM32CubeIDE_1.15.0/STM32CubeIDE/plugins/com.st.stm32cube.ide.mcu.externaltools.gnu-tools-for-stm32.13.3.rel1.win32_1.0.0.202411081344/tools/bin/../lib/gcc/arm-none-eabi/13.3.1/../../../../arm-none-eabi/lib/thumb/v7e-m+fp/hard\libc_nano.a(libc_a-impure.o)
                0x2000000c                _impure_ptr
 .data._impure_data
                0x20000010       0x4c C:/ST/STM32CubeIDE_1.15.0/STM32CubeIDE/plugins/com.st.stm32cube.ide.mcu.externaltools.gnu-tools-for-stm32.13.3.rel1.win32_1.0.0.202411081344/tools/bin/../lib/gcc/arm-none-eabi/13.3.1/../../../../arm-none-eabi/lib/thumb/v7e-m+fp/hard\libc_nano.a(libc_a-impure.o)
                0x20000010                _impure_data
 *(.RamFunc)
 *(.RamFunc*)
                0x2000005c                        . = ALIGN (0x4)
                0x2000005c                        _edata = .

.igot.plt       0x2000005c        0x0 load address 0x0800400c
 .igot.plt      0x2000005c        0x0 C:/ST/STM32CubeIDE_1.15.0/STM32CubeIDE/plugins/com.st.stm32cube.ide.mcu.externaltools.gnu-tools-for-stm32.13.3.rel1.win32_1.0.0.202411081344/tools/bin/../lib/gcc/arm-none-eabi/13.3.1/thumb/v7e-m+fp/hard/crtbegin.o
                0x2000005c                        . = ALIGN (0x4)

.bss            0x2000005c      0x208 load address 0x0800400c
                0x2000005c                        _sbss = .
                0x2000005c                        __bss_start__ = _sbss
 *(.bss)
 .bss           0x2000005c       0x1c C:/ST/STM32CubeIDE_1.15.0/STM32CubeIDE/plugins/com.st.stm32cube.ide.mcu.externaltools.gnu-tools-for-stm32.13.3.rel1.win32_1.0.0.202411081344/tools/bin/../lib/gcc/arm-none-eabi/13.3.1/thumb/v7e-m+fp/hard/crtbegin.o
 *(.bss*)
 .bss.hi2c1     0x20000078       0x54 ./Core/Src/main.o
                0x20000078                hi2c1
 .bss.huart1    0x200000cc       0x48 ./Core/Src/main.o
                0x200000cc                huart1
 .bss.__sbrk_heap_end
                0x20000114        0x4 ./Core/Src/sysmem.o
 .bss.uwTick    0x20000118        0x4 ./Drivers/STM32F4xx_HAL_Driver/Src/stm32f4xx_hal.o
                0x20000118                uwTick
 .bss.__sf      0x2000011c      0x138 C:/ST/STM32CubeIDE_1.15.0/STM32CubeIDE/plugins/com.st.stm32cube.ide.mcu.externaltools.gnu-tools-for-stm32.13.3.rel1.win32_1.0.0.202411081344/tools/bin/../lib/gcc/arm-none-eabi/13.3.1/../../../../arm-none-eabi/lib/thumb/v7e-m+fp/hard\libc_nano.a(libc_a-findfp.o)
                0x2000011c                __sf
 .bss.errno     0x20000254        0x4 C:/ST/STM32CubeIDE_1.15.0/STM32CubeIDE/plugins/com.st.stm32cube.ide.mcu.externaltools.gnu-tools-for-stm32.13.3.rel1.win32_1.0.0.202411081344/tools/bin/../lib/gcc/arm-none-eabi/13.3.1/../../../../arm-none-eabi/lib/thumb/v7e-m+fp/hard\libc_nano.a(libc_a-reent.o)
                0x20000254                errno
 .bss.__lock___malloc_recursive_mutex
                0x20000258        0x1 C:/ST/STM32CubeIDE_1.15.0/STM32CubeIDE/plugins/com.st.stm32cube.ide.mcu.externaltools.gnu-tools-for-stm32.13.3.rel1.win32_1.0.0.202411081344/tools/bin/../lib/gcc/arm-none-eabi/13.3.1/../../../../arm-none-eabi/lib/thumb/v7e-m+fp/hard\libc_nano.a(libc_a-lock.o)
                0x20000258                __lock___malloc_recursive_mutex
 *fill*         0x20000259        0x3 
 .bss.__malloc_sbrk_start
                0x2000025c        0x4 C:/ST/STM32CubeIDE_1.15.0/STM32CubeIDE/plugins/com.st.stm32cube.ide.mcu.externaltools.gnu-tools-for-stm32.13.3.rel1.win32_1.0.0.202411081344/tools/bin/../lib/gcc/arm-none-eabi/13.3.1/../../../../arm-none-eabi/lib/thumb/v7e-m+fp/hard\libc_nano.a(libc_a-mallocr.o)
                0x2000025c                __malloc_sbrk_start
 .bss.__malloc_free_list
                0x20000260        0x4 C:/ST/STM32CubeIDE_1.15.0/STM32CubeIDE/plugins/com.st.stm32cube.ide.mcu.externaltools.gnu-tools-for-stm32.13.3.rel1.win32_1.0.0.202411081344/tools/bin/../lib/gcc/arm-none-eabi/13.3.1/../../../../arm-none-eabi/lib/thumb/v7e-m+fp/hard\libc_nano.a(libc_a-mallocr.o)
                0x20000260                __malloc_free_list
 *(COMMON)
                0x20000264                        . = ALIGN (0x4)
                0x20000264                        _ebss = .
                0x20000264                        __bss_end__ = _ebss

._user_heap_stack
                0x20000264      0x604 load address 0x0800400c
                0x20000268                        . = ALIGN (0x8)
 *fill*         0x20000264        0x4 
                [!provide]                        PROVIDE (end = .)
                0x20000268                        PROVIDE (_end = .)
                0x20000468                        . = (. + _Min_Heap_Size)
 *fill*         0x20000268      0x200 
                0x20000868                        . = (. + _Min_Stack_Size)
 *fill*         0x20000468      0x400 
                0x20000868                        . = ALIGN (0x8)

/DISCARD/
 libc.a(*)
 libm.a(*)
 libgcc.a(*)

.ARM.attributes
                0x00000000       0x30
 *(.ARM.attributes)
 .ARM.attributes
                0x00000000       0x22 C:/ST/STM32CubeIDE_1.15.0/STM32CubeIDE/plugins/com.st.stm32cube.ide.mcu.externaltools.gnu-tools-for-stm32.13.3.rel1.win32_1.0.0.202411081344/tools/bin/../lib/gcc/arm-none-eabi/13.3.1/thumb/v7e-m+fp/hard/crti.o
 .ARM.attributes
                0x00000022       0x34 C:/ST/STM32CubeIDE_1.15.0/STM32CubeIDE/plugins/com.st.stm32cube.ide.mcu.externaltools.gnu-tools-for-stm32.13.3.rel1.win32_1.0.0.202411081344/tools/bin/../lib/gcc/arm-none-eabi/13.3.1/thumb/v7e-m+fp/hard/crtbegin.o
 .ARM.attributes
                0x00000056       0x34 ./Core/Src/main.o
 .ARM.attributes
                0x0000008a       0x34 ./Core/Src/max30102_driver.o
 .ARM.attributes
                0x000000be       0x34 ./Core/Src/stm32f4xx_hal_msp.o
 .ARM.attributes
                0x000000f2       0x34 ./Core/Src/stm32f4xx_it.o
 .ARM.attributes
                0x00000126       0x34 ./Core/Src/sysmem.o
 .ARM.attributes
                0x0000015a       0x34 ./Core/Src/system_stm32f4xx.o
 .ARM.attributes
                0x0000018e       0x21 ./Core/Startup/startup_stm32f401retx.o
 .ARM.attributes
                0x000001af       0x34 ./Drivers/STM32F4xx_HAL_Driver/Src/stm32f4xx_hal.o
 .ARM.attributes
                0x000001e3       0x34 ./Drivers/STM32F4xx_HAL_Driver/Src/stm32f4xx_hal_cortex.o
 .ARM.attributes
                0x00000217       0x34 ./Drivers/STM32F4xx_HAL_Driver/Src/stm32f4xx_hal_gpio.o
 .ARM.attributes
                0x0000024b       0x34 ./Drivers/STM32F4xx_HAL_Driver/Src/stm32f4xx_hal_i2c.o
 .ARM.attributes
                0x0000027f       0x34 ./Drivers/STM32F4xx_HAL_Driver/Src/stm32f4xx_hal_rcc.o
 .ARM.attributes
                0x000002b3       0x34 ./Drivers/STM32F4xx_HAL_Driver/Src/stm32f4xx_hal_uart.o
 .ARM.attributes
                0x000002e7       0x34 C:/ST/STM32CubeIDE_1.15.0/STM32CubeIDE/plugins/com.st.stm32cube.ide.mcu.externaltools.gnu-tools-for-stm32.13.3.rel1.win32_1.0.0.202411081344/tools/bin/../lib/gcc/arm-none-eabi/13.3.1/../../../../arm-none-eabi/lib/thumb/v7e-m+fp/hard\libc_nano.a(libc_a-findfp.o)
 .ARM.attributes
                0x0000031b       0x34 C:/ST/STM32CubeIDE_1.15.0/STM32CubeIDE/plugins/com.st.stm32cube.ide.mcu.externaltools.gnu-tools-for-stm32.13.3.rel1.win32_1.0.0.202411081344/tools/bin/../lib/gcc/arm-none-eabi/13.3.1/../../../../arm-none-eabi/lib/thumb/v7e-m+fp/hard\libc_nano.a(libc_a-sprintf.o)
 .ARM.attributes
                0x0000034f       0x34 C:/ST/STM32CubeIDE_1.15.0/STM32CubeIDE/plugins/com.st.stm32cube.ide.mcu.externaltools.gnu-tools-for-stm32.13.3.rel1.win32_1.0.0.202411081344/tools/bin/../lib/gcc/arm-none-eabi/13.3.1/../../../../arm-none-eabi/lib/thumb/v7e-m+fp/hard\libc_nano.a(libc_a-memset.o)
 .ARM.attributes
                0x00000383       0x34 C:/ST/STM32CubeIDE_1.15.0/STM32CubeIDE/plugins/com.st.stm32cube.ide.mcu.externaltools.gnu-tools-for-stm32.13.3.rel1.win32_1.0.0.202411081344/tools/bin/../lib/gcc/arm-none-eabi/13.3.1/../../../../arm-none-eabi/lib/thumb/v7e-m+fp/hard\libc_nano.a(libc_a-reent.o)
 .ARM.attributes
                0x000003b7       0x34 C:/ST/STM32CubeIDE_1.15.0/STM32CubeIDE/plugins/com.st.stm32cube.ide.mcu.externaltools.gnu-tools-for-stm32.13.3.rel1.win32_1.0.0.202411081344/tools/bin/../lib/gcc/arm-none-eabi/13.3.1/../../../../arm-none-eabi/lib/thumb/v7e-m+fp/hard\libc_nano.a(libc_a-impure.o)
 .ARM.attributes
                0x000003eb       0x34 C:/ST/STM32CubeIDE_1.15.0/STM32CubeIDE/plugins/com.st.stm32cube.ide.mcu.externaltools.gnu-tools-for-stm32.13.3.rel1.win32_1.0.0.202411081344/tools/bin/../lib/gcc/arm-none-eabi/13.3.1/../../../../arm-none-eabi/lib/thumb/v7e-m+fp/hard\libc_nano.a(libc_a-errno.o)
 .ARM.attributes
                0x0000041f       0x34 C:/ST/STM32CubeIDE_1.15.0/STM32CubeIDE/plugins/com.st.stm32cube.ide.mcu.externaltools.gnu-tools-for-stm32.13.3.rel1.win32_1.0.0.202411081344/tools/bin/../lib/gcc/arm-none-eabi/13.3.1/../../../../arm-none-eabi/lib/thumb/v7e-m+fp/hard\libc_nano.a(libc_a-init.o)
 .ARM.attributes
                0x00000453       0x34 C:/ST/STM32CubeIDE_1.15.0/STM32CubeIDE/plugins/com.st.stm32cube.ide.mcu.externaltools.gnu-tools-for-stm32.13.3.rel1.win32_1.0.0.202411081344/tools/bin/../lib/gcc/arm-none-eabi/13.3.1/../../../../arm-none-eabi/lib/thumb/v7e-m+fp/hard\libc_nano.a(libc_a-lock.o)
 .ARM.attributes
                0x00000487       0x17 C:/ST/STM32CubeIDE_1.15.0/STM32CubeIDE/plugins/com.st.stm32cube.ide.mcu.externaltools.gnu-tools-for-stm32.13.3.rel1.win32_1.0.0.202411081344/tools/bin/../lib/gcc/arm-none-eabi/13.3.1/../../../../arm-none-eabi/lib/thumb/v7e-m+fp/hard\libc_nano.a(libc_a-strlen.o)
 .ARM.attributes
                0x0000049e       0x34 C:/ST/STM32CubeIDE_1.15.0/STM32CubeIDE/plugins/com.st.stm32cube.ide.mcu.externaltools.gnu-tools-for-stm32.13.3.rel1.win32_1.0.0.202411081344/tools/bin/../lib/gcc/arm-none-eabi/13.3.1/../../../../arm-none-eabi/lib/thumb/v7e-m+fp/hard\libc_nano.a(libc_a-freer.o)
 .ARM.attributes
                0x000004d2       0x34 C:/ST/STM32CubeIDE_1.15.0/STM32CubeIDE/plugins/com.st.stm32cube.ide.mcu.externaltools.gnu-tools-for-stm32.13.3.rel1.win32_1.0.0.202411081344/tools/bin/../lib/gcc/arm-none-eabi/13.3.1/../../../../arm-none-eabi/lib/thumb/v7e-m+fp/hard\libc_nano.a(libc_a-mallocr.o)
 .ARM.attributes
                0x00000506       0x34 C:/ST/STM32CubeIDE_1.15.0/STM32CubeIDE/plugins/com.st.stm32cube.ide.mcu.externaltools.gnu-tools-for-stm32.13.3.rel1.win32_1.0.0.202411081344/tools/bin/../lib/gcc/arm-none-eabi/13.3.1/../../../../arm-none-eabi/lib/thumb/v7e-m+fp/hard\libc_nano.a(libc_a-mlock.o)
 .ARM.attributes
                0x0000053a       0x34 C:/ST/STM32CubeIDE_1.15.0/STM32CubeIDE/plugins/com.st.stm32cube.ide.mcu.externaltools.gnu-tools-for-stm32.13.3.rel1.win32_1.0.0.202411081344/tools/bin/../lib/gcc/arm-none-eabi/13.3.1/../../../../arm-none-eabi/lib/thumb/v7e-m+fp/hard\libc_nano.a(libc_a-nano-svfprintf.o)
 .ARM.attributes
                0x0000056e       0x34 C:/ST/STM32CubeIDE_1.15.0/STM32CubeIDE/plugins/com.st.stm32cube.ide.mcu.externaltools.gnu-tools-for-stm32.13.3.rel1.win32_1.0.0.202411081344/tools/bin/../lib/gcc/arm-none-eabi/13.3.1/../../../../arm-none-eabi/lib/thumb/v7e-m+fp/hard\libc_nano.a(libc_a-nano-vfprintf_i.o)
 .ARM.attributes
                0x000005a2       0x34 C:/ST/STM32CubeIDE_1.15.0/STM32CubeIDE/plugins/com.st.stm32cube.ide.mcu.externaltools.gnu-tools-for-stm32.13.3.rel1.win32_1.0.0.202411081344/tools/bin/../lib/gcc/arm-none-eabi/13.3.1/../../../../arm-none-eabi/lib/thumb/v7e-m+fp/hard\libc_nano.a(libc_a-memmove.o)
 .ARM.attributes
                0x000005d6       0x34 C:/ST/STM32CubeIDE_1.15.0/STM32CubeIDE/plugins/com.st.stm32cube.ide.mcu.externaltools.gnu-tools-for-stm32.13.3.rel1.win32_1.0.0.202411081344/tools/bin/../lib/gcc/arm-none-eabi/13.3.1/../../../../arm-none-eabi/lib/thumb/v7e-m+fp/hard\libc_nano.a(libc_a-sbrkr.o)
 .ARM.attributes
                0x0000060a       0x1c C:/ST/STM32CubeIDE_1.15.0/STM32CubeIDE/plugins/com.st.stm32cube.ide.mcu.externaltools.gnu-tools-for-stm32.13.3.rel1.win32_1.0.0.202411081344/tools/bin/../lib/gcc/arm-none-eabi/13.3.1/../../../../arm-none-eabi/lib/thumb/v7e-m+fp/hard\libc_nano.a(libc_a-memchr.o)
 .ARM.attributes
                0x00000626       0x34 C:/ST/STM32CubeIDE_1.15.0/STM32CubeIDE/plugins/com.st.stm32cube.ide.mcu.externaltools.gnu-tools-for-stm32.13.3.rel1.win32_1.0.0.202411081344/tools/bin/../lib/gcc/arm-none-eabi/13.3.1/../../../../arm-none-eabi/lib/thumb/v7e-m+fp/hard\libc_nano.a(libc_a-memcpy-stub.o)
 .ARM.attributes
                0x0000065a       0x34 C:/ST/STM32CubeIDE_1.15.0/STM32CubeIDE/plugins/com.st.stm32cube.ide.mcu.externaltools.gnu-tools-for-stm32.13.3.rel1.win32_1.0.0.202411081344/tools/bin/../lib/gcc/arm-none-eabi/13.3.1/../../../../arm-none-eabi/lib/thumb/v7e-m+fp/hard\libc_nano.a(libc_a-reallocr.o)
 .ARM.attributes
                0x0000068e       0x34 C:/ST/STM32CubeIDE_1.15.0/STM32CubeIDE/plugins/com.st.stm32cube.ide.mcu.externaltools.gnu-tools-for-stm32.13.3.rel1.win32_1.0.0.202411081344/tools/bin/../lib/gcc/arm-none-eabi/13.3.1/../../../../arm-none-eabi/lib/thumb/v7e-m+fp/hard\libc_nano.a(libc_a-msizer.o)
 .ARM.attributes
                0x000006c2       0x22 C:/ST/STM32CubeIDE_1.15.0/STM32CubeIDE/plugins/com.st.stm32cube.ide.mcu.externaltools.gnu-tools-for-stm32.13.3.rel1.win32_1.0.0.202411081344/tools/bin/../lib/gcc/arm-none-eabi/13.3.1/thumb/v7e-m+fp/hard\libgcc.a(_aeabi_uldivmod.o)
 .ARM.attributes
                0x000006e4       0x34 C:/ST/STM32CubeIDE_1.15.0/STM32CubeIDE/plugins/com.st.stm32cube.ide.mcu.externaltools.gnu-tools-for-stm32.13.3.rel1.win32_1.0.0.202411081344/tools/bin/../lib/gcc/arm-none-eabi/13.3.1/thumb/v7e-m+fp/hard\libgcc.a(_udivmoddi4.o)
 .ARM.attributes
                0x00000718       0x22 C:/ST/STM32CubeIDE_1.15.0/STM32CubeIDE/plugins/com.st.stm32cube.ide.mcu.externaltools.gnu-tools-for-stm32.13.3.rel1.win32_1.0.0.202411081344/tools/bin/../lib/gcc/arm-none-eabi/13.3.1/thumb/v7e-m+fp/hard\libgcc.a(_dvmd_tls.o)
 .ARM.attributes
                0x0000073a       0x22 C:/ST/STM32CubeIDE_1.15.0/STM32CubeIDE/plugins/com.st.stm32cube.ide.mcu.externaltools.gnu-tools-for-stm32.13.3.rel1.win32_1.0.0.202411081344/tools/bin/../lib/gcc/arm-none-eabi/13.3.1/thumb/v7e-m+fp/hard/crtn.o
OUTPUT(MAX30102.elf elf32-littlearm)
LOAD linker stubs
LOAD C:/ST/STM32CubeIDE_1.15.0/STM32CubeIDE/plugins/com.st.stm32cube.ide.mcu.externaltools.gnu-tools-for-stm32.13.3.rel1.win32_1.0.0.202411081344/tools/bin/../lib/gcc/arm-none-eabi/13.3.1/../../../../arm-none-eabi/lib/thumb/v7e-m+fp/hard\libc.a
LOAD C:/ST/STM32CubeIDE_1.15.0/STM32CubeIDE/plugins/com.st.stm32cube.ide.mcu.externaltools.gnu-tools-for-stm32.13.3.rel1.win32_1.0.0.202411081344/tools/bin/../lib/gcc/arm-none-eabi/13.3.1/../../../../arm-none-eabi/lib/thumb/v7e-m+fp/hard\libm.a
LOAD C:/ST/STM32CubeIDE_1.15.0/STM32CubeIDE/plugins/com.st.stm32cube.ide.mcu.externaltools.gnu-tools-for-stm32.13.3.rel1.win32_1.0.0.202411081344/tools/bin/../lib/gcc/arm-none-eabi/13.3.1/thumb/v7e-m+fp/hard\libgcc.a

.debug_info     0x00000000     0xa8d2
 .debug_info    0x00000000     0x1001 ./Core/Src/main.o
 .debug_info    0x00001001      0xb84 ./Core/Src/max30102_driver.o
 .debug_info    0x00001b85      0xc3a ./Core/Src/stm32f4xx_hal_msp.o
 .debug_info    0x000027bf      0x112 ./Core/Src/stm32f4xx_it.o
 .debug_info    0x000028d1      0x168 ./Core/Src/sysmem.o
 .debug_info    0x00002a39      0x53e ./Core/Src/system_stm32f4xx.o
 .debug_info    0x00002f77       0x30 ./Core/Startup/startup_stm32f401retx.o
 .debug_info    0x00002fa7      0x8bb ./Drivers/STM32F4xx_HAL_Driver/Src/stm32f4xx_hal.o
 .debug_info    0x00003862      0xcf6 ./Drivers/STM32F4xx_HAL_Driver/Src/stm32f4xx_hal_cortex.o
 .debug_info    0x00004558      0x6f9 ./Drivers/STM32F4xx_HAL_Driver/Src/stm32f4xx_hal_gpio.o
 .debug_info    0x00004c51     0x2426 ./Drivers/STM32F4xx_HAL_Driver/Src/stm32f4xx_hal_i2c.o
 .debug_info    0x00007077      0x905 ./Drivers/STM32F4xx_HAL_Driver/Src/stm32f4xx_hal_rcc.o
 .debug_info    0x0000797c     0x2f56 ./Drivers/STM32F4xx_HAL_Driver/Src/stm32f4xx_hal_uart.o

.debug_abbrev   0x00000000     0x181e
 .debug_abbrev  0x00000000      0x279 ./Core/Src/main.o
 .debug_abbrev  0x00000279      0x1c4 ./Core/Src/max30102_driver.o
 .debug_abbrev  0x0000043d      0x1ac ./Core/Src/stm32f4xx_hal_msp.o
 .debug_abbrev  0x000005e9       0x73 ./Core/Src/stm32f4xx_it.o
 .debug_abbrev  0x0000065c       0xbc ./Core/Src/sysmem.o
 .debug_abbrev  0x00000718      0x11a ./Core/Src/system_stm32f4xx.o
 .debug_abbrev  0x00000832       0x24 ./Core/Startup/startup_stm32f401retx.o
 .debug_abbrev  0x00000856      0x24b ./Drivers/STM32F4xx_HAL_Driver/Src/stm32f4xx_hal.o
 .debug_abbrev  0x00000aa1      0x31d ./Drivers/STM32F4xx_HAL_Driver/Src/stm32f4xx_hal_cortex.o
 .debug_abbrev  0x00000dbe      0x1d3 ./Drivers/STM32F4xx_HAL_Driver/Src/stm32f4xx_hal_gpio.o
 .debug_abbrev  0x00000f91      0x2bc ./Drivers/STM32F4xx_HAL_Driver/Src/stm32f4xx_hal_i2c.o
 .debug_abbrev  0x0000124d      0x2b6 ./Drivers/STM32F4xx_HAL_Driver/Src/stm32f4xx_hal_rcc.o
 .debug_abbrev  0x00001503      0x31b ./Drivers/STM32F4xx_HAL_Driver/Src/stm32f4xx_hal_uart.o

.debug_aranges  0x00000000      0x978
 .debug_aranges
                0x00000000       0x48 ./Core/Src/main.o
 .debug_aranges
                0x00000048       0x70 ./Core/Src/max30102_driver.o
 .debug_aranges
                0x000000b8       0x40 ./Core/Src/stm32f4xx_hal_msp.o
 .debug_aranges
                0x000000f8       0x60 ./Core/Src/stm32f4xx_it.o
 .debug_aranges
                0x00000158       0x20 ./Core/Src/sysmem.o
 .debug_aranges
                0x00000178       0x28 ./Core/Src/system_stm32f4xx.o
 .debug_aranges
                0x000001a0       0x28 ./Core/Startup/startup_stm32f401retx.o
 .debug_aranges
                0x000001c8       0xf0 ./Drivers/STM32F4xx_HAL_Driver/Src/stm32f4xx_hal.o
 .debug_aranges
                0x000002b8      0x130 ./Drivers/STM32F4xx_HAL_Driver/Src/stm32f4xx_hal_cortex.o
 .debug_aranges
                0x000003e8       0x58 ./Drivers/STM32F4xx_HAL_Driver/Src/stm32f4xx_hal_gpio.o
 .debug_aranges
                0x00000440      0x2a8 ./Drivers/STM32F4xx_HAL_Driver/Src/stm32f4xx_hal_i2c.o
 .debug_aranges
                0x000006e8       0x88 ./Drivers/STM32F4xx_HAL_Driver/Src/stm32f4xx_hal_rcc.o
 .debug_aranges
                0x00000770      0x208 ./Drivers/STM32F4xx_HAL_Driver/Src/stm32f4xx_hal_uart.o

.debug_rnglists
                0x00000000      0x765
 .debug_rnglists
                0x00000000       0x33 ./Core/Src/main.o
 .debug_rnglists
                0x00000033       0x50 ./Core/Src/max30102_driver.o
 .debug_rnglists
                0x00000083       0x2d ./Core/Src/stm32f4xx_hal_msp.o
 .debug_rnglists
                0x000000b0       0x43 ./Core/Src/stm32f4xx_it.o
 .debug_rnglists
                0x000000f3       0x13 ./Core/Src/sysmem.o
 .debug_rnglists
                0x00000106       0x1a ./Core/Src/system_stm32f4xx.o
 .debug_rnglists
                0x00000120       0x19 ./Core/Startup/startup_stm32f401retx.o
 .debug_rnglists
                0x00000139       0xaf ./Drivers/STM32F4xx_HAL_Driver/Src/stm32f4xx_hal.o
 .debug_rnglists
                0x000001e8       0xe0 ./Drivers/STM32F4xx_HAL_Driver/Src/stm32f4xx_hal_cortex.o
 .debug_rnglists
                0x000002c8       0x3f ./Drivers/STM32F4xx_HAL_Driver/Src/stm32f4xx_hal_gpio.o
 .debug_rnglists
                0x00000307      0x23c ./Drivers/STM32F4xx_HAL_Driver/Src/stm32f4xx_hal_i2c.o
 .debug_rnglists
                0x00000543       0x66 ./Drivers/STM32F4xx_HAL_Driver/Src/stm32f4xx_hal_rcc.o
 .debug_rnglists
                0x000005a9      0x1bc ./Drivers/STM32F4xx_HAL_Driver/Src/stm32f4xx_hal_uart.o

.debug_macro    0x00000000    0x15db9
 .debug_macro   0x00000000      0x2ee ./Core/Src/main.o
 .debug_macro   0x000002ee      0xad8 ./Core/Src/main.o
 .debug_macro   0x00000dc6      0x29b ./Core/Src/main.o
 .debug_macro   0x00001061       0x2e ./Core/Src/main.o
 .debug_macro   0x0000108f       0x28 ./Core/Src/main.o
 .debug_macro   0x000010b7       0x22 ./Core/Src/main.o
 .debug_macro   0x000010d9       0x8e ./Core/Src/main.o
 .debug_macro   0x00001167       0x51 ./Core/Src/main.o
 .debug_macro   0x000011b8      0x103 ./Core/Src/main.o
 .debug_macro   0x000012bb       0x6a ./Core/Src/main.o
 .debug_macro   0x00001325      0x1df ./Core/Src/main.o
 .debug_macro   0x00001504       0x1c ./Core/Src/main.o
 .debug_macro   0x00001520       0x22 ./Core/Src/main.o
 .debug_macro   0x00001542       0xfb ./Core/Src/main.o
 .debug_macro   0x0000163d     0x1011 ./Core/Src/main.o
 .debug_macro   0x0000264e      0x11f ./Core/Src/main.o
 .debug_macro   0x0000276d     0xb881 ./Core/Src/main.o
 .debug_macro   0x0000dfee       0x6d ./Core/Src/main.o
 .debug_macro   0x0000e05b     0x3693 ./Core/Src/main.o
 .debug_macro   0x000116ee      0x190 ./Core/Src/main.o
 .debug_macro   0x0001187e       0x5c ./Core/Src/main.o
 .debug_macro   0x000118da      0x416 ./Core/Src/main.o
 .debug_macro   0x00011cf0      0x9e9 ./Core/Src/main.o
 .debug_macro   0x000126d9      0x115 ./Core/Src/main.o
 .debug_macro   0x000127ee       0xf8 ./Core/Src/main.o
 .debug_macro   0x000128e6       0xa5 ./Core/Src/main.o
 .debug_macro   0x0001298b      0x15f ./Core/Src/main.o
 .debug_macro   0x00012aea      0x287 ./Core/Src/main.o
 .debug_macro   0x00012d71       0x5f ./Core/Src/main.o
 .debug_macro   0x00012dd0      0x236 ./Core/Src/main.o
 .debug_macro   0x00013006      0x132 ./Core/Src/main.o
 .debug_macro   0x00013138      0x264 ./Core/Src/main.o
 .debug_macro   0x0001339c       0x2e ./Core/Src/main.o
 .debug_macro   0x000133ca      0x1b5 ./Core/Src/main.o
 .debug_macro   0x0001357f       0x22 ./Core/Src/main.o
 .debug_macro   0x000135a1       0xd6 ./Core/Src/main.o
 .debug_macro   0x00013677      0x127 ./Core/Src/main.o
 .debug_macro   0x0001379e       0x85 ./Core/Src/main.o
 .debug_macro   0x00013823       0x89 ./Core/Src/main.o
 .debug_macro   0x000138ac      0x2aa ./Core/Src/main.o
 .debug_macro   0x00013b56      0x126 ./Core/Src/main.o
 .debug_macro   0x00013c7c       0x7c ./Core/Src/main.o
 .debug_macro   0x00013cf8       0x61 ./Core/Src/main.o
 .debug_macro   0x00013d59       0x2a ./Core/Src/main.o
 .debug_macro   0x00013d83       0x43 ./Core/Src/main.o
 .debug_macro   0x00013dc6       0x34 ./Core/Src/main.o
 .debug_macro   0x00013dfa       0x16 ./Core/Src/main.o
 .debug_macro   0x00013e10       0x3c ./Core/Src/main.o
 .debug_macro   0x00013e4c      0x370 ./Core/Src/main.o
 .debug_macro   0x000141bc       0x10 ./Core/Src/main.o
 .debug_macro   0x000141cc       0x16 ./Core/Src/main.o
 .debug_macro   0x000141e2       0x4a ./Core/Src/main.o
 .debug_macro   0x0001422c       0x34 ./Core/Src/main.o
 .debug_macro   0x00014260       0x10 ./Core/Src/main.o
 .debug_macro   0x00014270       0x58 ./Core/Src/main.o
 .debug_macro   0x000142c8       0x8e ./Core/Src/main.o
 .debug_macro   0x00014356       0x1c ./Core/Src/main.o
 .debug_macro   0x00014372      0x185 ./Core/Src/main.o
 .debug_macro   0x000144f7       0x16 ./Core/Src/main.o
 .debug_macro   0x0001450d       0x16 ./Core/Src/main.o
 .debug_macro   0x00014523      0x146 ./Core/Src/main.o
 .debug_macro   0x00014669       0x16 ./Core/Src/main.o
 .debug_macro   0x0001467f       0x20 ./Core/Src/main.o
 .debug_macro   0x0001469f      0x1e2 ./Core/Src/max30102_driver.o
 .debug_macro   0x00014881       0x76 ./Core/Src/max30102_driver.o
 .debug_macro   0x000148f7      0x1e6 ./Core/Src/stm32f4xx_hal_msp.o
 .debug_macro   0x00014add      0x1f0 ./Core/Src/stm32f4xx_it.o
 .debug_macro   0x00014ccd      0x112 ./Core/Src/sysmem.o
 .debug_macro   0x00014ddf      0x23c ./Core/Src/sysmem.o
 .debug_macro   0x0001501b      0x1d3 ./Core/Src/system_stm32f4xx.o
 .debug_macro   0x000151ee      0x233 ./Drivers/STM32F4xx_HAL_Driver/Src/stm32f4xx_hal.o
 .debug_macro   0x00015421      0x1d3 ./Drivers/STM32F4xx_HAL_Driver/Src/stm32f4xx_hal_cortex.o
 .debug_macro   0x000155f4      0x1d9 ./Drivers/STM32F4xx_HAL_Driver/Src/stm32f4xx_hal_gpio.o
 .debug_macro   0x000157cd      0x221 ./Drivers/STM32F4xx_HAL_Driver/Src/stm32f4xx_hal_i2c.o
 .debug_macro   0x000159ee      0x1f7 ./Drivers/STM32F4xx_HAL_Driver/Src/stm32f4xx_hal_rcc.o
 .debug_macro   0x00015be5      0x1d4 ./Drivers/STM32F4xx_HAL_Driver/Src/stm32f4xx_hal_uart.o

.debug_line     0x00000000     0xc2b5
 .debug_line    0x00000000      0xa0d ./Core/Src/main.o
 .debug_line    0x00000a0d      0x9ac ./Core/Src/max30102_driver.o
 .debug_line    0x000013b9      0x7f6 ./Core/Src/stm32f4xx_hal_msp.o
 .debug_line    0x00001baf      0x80a ./Core/Src/stm32f4xx_it.o
 .debug_line    0x000023b9      0x588 ./Core/Src/sysmem.o
 .debug_line    0x00002941      0x7bc ./Core/Src/system_stm32f4xx.o
 .debug_line    0x000030fd       0x7a ./Core/Startup/startup_stm32f401retx.o
 .debug_line    0x00003177      0xa38 ./Drivers/STM32F4xx_HAL_Driver/Src/stm32f4xx_hal.o
 .debug_line    0x00003baf      0xd08 ./Drivers/STM32F4xx_HAL_Driver/Src/stm32f4xx_hal_cortex.o
 .debug_line    0x000048b7      0xb54 ./Drivers/STM32F4xx_HAL_Driver/Src/stm32f4xx_hal_gpio.o
 .debug_line    0x0000540b     0x3ae5 ./Drivers/STM32F4xx_HAL_Driver/Src/stm32f4xx_hal_i2c.o
 .debug_line    0x00008ef0      0xe45 ./Drivers/STM32F4xx_HAL_Driver/Src/stm32f4xx_hal_rcc.o
 .debug_line    0x00009d35     0x2580 ./Drivers/STM32F4xx_HAL_Driver/Src/stm32f4xx_hal_uart.o

.debug_str      0x00000000    0x87b3f
 .debug_str     0x00000000    0x87b3f ./Core/Src/main.o
                              0x85343 (size before relaxing)
 .debug_str     0x00087b3f    0x81752 ./Core/Src/max30102_driver.o
 .debug_str     0x00087b3f    0x8185e ./Core/Src/stm32f4xx_hal_msp.o
 .debug_str     0x00087b3f    0x81016 ./Core/Src/stm32f4xx_it.o
 .debug_str     0x00087b3f     0x777e ./Core/Src/sysmem.o
 .debug_str     0x00087b3f    0x80f98 ./Core/Src/system_stm32f4xx.o
 .debug_str     0x00087b3f       0x80 ./Core/Startup/startup_stm32f401retx.o
 .debug_str     0x00087b3f    0x819ba ./Drivers/STM32F4xx_HAL_Driver/Src/stm32f4xx_hal.o
 .debug_str     0x00087b3f    0x81724 ./Drivers/STM32F4xx_HAL_Driver/Src/stm32f4xx_hal_cortex.o
 .debug_str     0x00087b3f    0x81113 ./Drivers/STM32F4xx_HAL_Driver/Src/stm32f4xx_hal_gpio.o
 .debug_str     0x00087b3f    0x81fa9 ./Drivers/STM32F4xx_HAL_Driver/Src/stm32f4xx_hal_i2c.o
 .debug_str     0x00087b3f    0x813cc ./Drivers/STM32F4xx_HAL_Driver/Src/stm32f4xx_hal_rcc.o
 .debug_str     0x00087b3f    0x8199b ./Drivers/STM32F4xx_HAL_Driver/Src/stm32f4xx_hal_uart.o

.comment        0x00000000       0x43
 .comment       0x00000000       0x43 ./Core/Src/main.o
                                 0x44 (size before relaxing)
 .comment       0x00000043       0x44 ./Core/Src/max30102_driver.o
 .comment       0x00000043       0x44 ./Core/Src/stm32f4xx_hal_msp.o
 .comment       0x00000043       0x44 ./Core/Src/stm32f4xx_it.o
 .comment       0x00000043       0x44 ./Core/Src/sysmem.o
 .comment       0x00000043       0x44 ./Core/Src/system_stm32f4xx.o
 .comment       0x00000043       0x44 ./Drivers/STM32F4xx_HAL_Driver/Src/stm32f4xx_hal.o
 .comment       0x00000043       0x44 ./Drivers/STM32F4xx_HAL_Driver/Src/stm32f4xx_hal_cortex.o
 .comment       0x00000043       0x44 ./Drivers/STM32F4xx_HAL_Driver/Src/stm32f4xx_hal_gpio.o
 .comment       0x00000043       0x44 ./Drivers/STM32F4xx_HAL_Driver/Src/stm32f4xx_hal_i2c.o
 .comment       0x00000043       0x44 ./Drivers/STM32F4xx_HAL_Driver/Src/stm32f4xx_hal_rcc.o
 .comment       0x00000043       0x44 ./Drivers/STM32F4xx_HAL_Driver/Src/stm32f4xx_hal_uart.o

.debug_frame    0x00000000     0x2c48
 .debug_frame   0x00000000       0xcc ./Core/Src/main.o
 .debug_frame   0x000000cc      0x1a4 ./Core/Src/max30102_driver.o
 .debug_frame   0x00000270       0xc8 ./Core/Src/stm32f4xx_hal_msp.o
 .debug_frame   0x00000338      0x104 ./Core/Src/stm32f4xx_it.o
 .debug_frame   0x0000043c       0x34 ./Core/Src/sysmem.o
 .debug_frame   0x00000470       0x58 ./Core/Src/system_stm32f4xx.o
 .debug_frame   0x000004c8      0x374 ./Drivers/STM32F4xx_HAL_Driver/Src/stm32f4xx_hal.o
 .debug_frame   0x0000083c      0x508 ./Drivers/STM32F4xx_HAL_Driver/Src/stm32f4xx_hal_cortex.o
 .debug_frame   0x00000d44      0x14c ./Drivers/STM32F4xx_HAL_Driver/Src/stm32f4xx_hal_gpio.o
 .debug_frame   0x00000e90      0xc84 ./Drivers/STM32F4xx_HAL_Driver/Src/stm32f4xx_hal_i2c.o
 .debug_frame   0x00001b14      0x1f4 ./Drivers/STM32F4xx_HAL_Driver/Src/stm32f4xx_hal_rcc.o
 .debug_frame   0x00001d08      0x954 ./Drivers/STM32F4xx_HAL_Driver/Src/stm32f4xx_hal_uart.o
 .debug_frame   0x0000265c      0x144 C:/ST/STM32CubeIDE_1.15.0/STM32CubeIDE/plugins/com.st.stm32cube.ide.mcu.externaltools.gnu-tools-for-stm32.13.3.rel1.win32_1.0.0.202411081344/tools/bin/../lib/gcc/arm-none-eabi/13.3.1/../../../../arm-none-eabi/lib/thumb/v7e-m+fp/hard\libc_nano.a(libc_a-findfp.o)
 .debug_frame   0x000027a0       0x74 C:/ST/STM32CubeIDE_1.15.0/STM32CubeIDE/plugins/com.st.stm32cube.ide.mcu.externaltools.gnu-tools-for-stm32.13.3.rel1.win32_1.0.0.202411081344/tools/bin/../lib/gcc/arm-none-eabi/13.3.1/../../../../arm-none-eabi/lib/thumb/v7e-m+fp/hard\libc_nano.a(libc_a-sprintf.o)
 .debug_frame   0x00002814       0x20 C:/ST/STM32CubeIDE_1.15.0/STM32CubeIDE/plugins/com.st.stm32cube.ide.mcu.externaltools.gnu-tools-for-stm32.13.3.rel1.win32_1.0.0.202411081344/tools/bin/../lib/gcc/arm-none-eabi/13.3.1/../../../../arm-none-eabi/lib/thumb/v7e-m+fp/hard\libc_nano.a(libc_a-memset.o)
 .debug_frame   0x00002834       0x38 C:/ST/STM32CubeIDE_1.15.0/STM32CubeIDE/plugins/com.st.stm32cube.ide.mcu.externaltools.gnu-tools-for-stm32.13.3.rel1.win32_1.0.0.202411081344/tools/bin/../lib/gcc/arm-none-eabi/13.3.1/../../../../arm-none-eabi/lib/thumb/v7e-m+fp/hard\libc_nano.a(libc_a-reent.o)
 .debug_frame   0x0000286c       0x20 C:/ST/STM32CubeIDE_1.15.0/STM32CubeIDE/plugins/com.st.stm32cube.ide.mcu.externaltools.gnu-tools-for-stm32.13.3.rel1.win32_1.0.0.202411081344/tools/bin/../lib/gcc/arm-none-eabi/13.3.1/../../../../arm-none-eabi/lib/thumb/v7e-m+fp/hard\libc_nano.a(libc_a-errno.o)
 .debug_frame   0x0000288c       0x2c C:/ST/STM32CubeIDE_1.15.0/STM32CubeIDE/plugins/com.st.stm32cube.ide.mcu.externaltools.gnu-tools-for-stm32.13.3.rel1.win32_1.0.0.202411081344/tools/bin/../lib/gcc/arm-none-eabi/13.3.1/../../../../arm-none-eabi/lib/thumb/v7e-m+fp/hard\libc_nano.a(libc_a-init.o)
 .debug_frame   0x000028b8       0xb0 C:/ST/STM32CubeIDE_1.15.0/STM32CubeIDE/plugins/com.st.stm32cube.ide.mcu.externaltools.gnu-tools-for-stm32.13.3.rel1.win32_1.0.0.202411081344/tools/bin/../lib/gcc/arm-none-eabi/13.3.1/../../../../arm-none-eabi/lib/thumb/v7e-m+fp/hard\libc_nano.a(libc_a-lock.o)
 .debug_frame   0x00002968       0x38 C:/ST/STM32CubeIDE_1.15.0/STM32CubeIDE/plugins/com.st.stm32cube.ide.mcu.externaltools.gnu-tools-for-stm32.13.3.rel1.win32_1.0.0.202411081344/tools/bin/../lib/gcc/arm-none-eabi/13.3.1/../../../../arm-none-eabi/lib/thumb/v7e-m+fp/hard\libc_nano.a(libc_a-freer.o)
 .debug_frame   0x000029a0       0x50 C:/ST/STM32CubeIDE_1.15.0/STM32CubeIDE/plugins/com.st.stm32cube.ide.mcu.externaltools.gnu-tools-for-stm32.13.3.rel1.win32_1.0.0.202411081344/tools/bin/../lib/gcc/arm-none-eabi/13.3.1/../../../../arm-none-eabi/lib/thumb/v7e-m+fp/hard\libc_nano.a(libc_a-mallocr.o)
 .debug_frame   0x000029f0       0x30 C:/ST/STM32CubeIDE_1.15.0/STM32CubeIDE/plugins/com.st.stm32cube.ide.mcu.externaltools.gnu-tools-for-stm32.13.3.rel1.win32_1.0.0.202411081344/tools/bin/../lib/gcc/arm-none-eabi/13.3.1/../../../../arm-none-eabi/lib/thumb/v7e-m+fp/hard\libc_nano.a(libc_a-mlock.o)
 .debug_frame   0x00002a20       0x90 C:/ST/STM32CubeIDE_1.15.0/STM32CubeIDE/plugins/com.st.stm32cube.ide.mcu.externaltools.gnu-tools-for-stm32.13.3.rel1.win32_1.0.0.202411081344/tools/bin/../lib/gcc/arm-none-eabi/13.3.1/../../../../arm-none-eabi/lib/thumb/v7e-m+fp/hard\libc_nano.a(libc_a-nano-svfprintf.o)
 .debug_frame   0x00002ab0       0x60 C:/ST/STM32CubeIDE_1.15.0/STM32CubeIDE/plugins/com.st.stm32cube.ide.mcu.externaltools.gnu-tools-for-stm32.13.3.rel1.win32_1.0.0.202411081344/tools/bin/../lib/gcc/arm-none-eabi/13.3.1/../../../../arm-none-eabi/lib/thumb/v7e-m+fp/hard\libc_nano.a(libc_a-nano-vfprintf_i.o)
 .debug_frame   0x00002b10       0x28 C:/ST/STM32CubeIDE_1.15.0/STM32CubeIDE/plugins/com.st.stm32cube.ide.mcu.externaltools.gnu-tools-for-stm32.13.3.rel1.win32_1.0.0.202411081344/tools/bin/../lib/gcc/arm-none-eabi/13.3.1/../../../../arm-none-eabi/lib/thumb/v7e-m+fp/hard\libc_nano.a(libc_a-memmove.o)
 .debug_frame   0x00002b38       0x2c C:/ST/STM32CubeIDE_1.15.0/STM32CubeIDE/plugins/com.st.stm32cube.ide.mcu.externaltools.gnu-tools-for-stm32.13.3.rel1.win32_1.0.0.202411081344/tools/bin/../lib/gcc/arm-none-eabi/13.3.1/../../../../arm-none-eabi/lib/thumb/v7e-m+fp/hard\libc_nano.a(libc_a-sbrkr.o)
 .debug_frame   0x00002b64       0x28 C:/ST/STM32CubeIDE_1.15.0/STM32CubeIDE/plugins/com.st.stm32cube.ide.mcu.externaltools.gnu-tools-for-stm32.13.3.rel1.win32_1.0.0.202411081344/tools/bin/../lib/gcc/arm-none-eabi/13.3.1/../../../../arm-none-eabi/lib/thumb/v7e-m+fp/hard\libc_nano.a(libc_a-memcpy-stub.o)
 .debug_frame   0x00002b8c       0x3c C:/ST/STM32CubeIDE_1.15.0/STM32CubeIDE/plugins/com.st.stm32cube.ide.mcu.externaltools.gnu-tools-for-stm32.13.3.rel1.win32_1.0.0.202411081344/tools/bin/../lib/gcc/arm-none-eabi/13.3.1/../../../../arm-none-eabi/lib/thumb/v7e-m+fp/hard\libc_nano.a(libc_a-reallocr.o)
 .debug_frame   0x00002bc8       0x20 C:/ST/STM32CubeIDE_1.15.0/STM32CubeIDE/plugins/com.st.stm32cube.ide.mcu.externaltools.gnu-tools-for-stm32.13.3.rel1.win32_1.0.0.202411081344/tools/bin/../lib/gcc/arm-none-eabi/13.3.1/../../../../arm-none-eabi/lib/thumb/v7e-m+fp/hard\libc_nano.a(libc_a-msizer.o)
 .debug_frame   0x00002be8       0x2c C:/ST/STM32CubeIDE_1.15.0/STM32CubeIDE/plugins/com.st.stm32cube.ide.mcu.externaltools.gnu-tools-for-stm32.13.3.rel1.win32_1.0.0.202411081344/tools/bin/../lib/gcc/arm-none-eabi/13.3.1/thumb/v7e-m+fp/hard\libgcc.a(_aeabi_uldivmod.o)
 .debug_frame   0x00002c14       0x34 C:/ST/STM32CubeIDE_1.15.0/STM32CubeIDE/plugins/com.st.stm32cube.ide.mcu.externaltools.gnu-tools-for-stm32.13.3.rel1.win32_1.0.0.202411081344/tools/bin/../lib/gcc/arm-none-eabi/13.3.1/thumb/v7e-m+fp/hard\libgcc.a(_udivmoddi4.o)

.debug_line_str
                0x00000000       0x64
 .debug_line_str
                0x00000000       0x64 ./Core/Startup/startup_stm32f401retx.o
